Archive member included to satisfy reference by file (symbol)

c:/st/stm32cubeide_1.9.0/stm32cubeide/plugins/com.st.stm32cube.ide.mcu.externaltools.gnu-tools-for-stm32.10.3-2021.10.win32_1.0.0.202111181127/tools/bin/../lib/gcc/arm-none-eabi/10.3.1/../../../../arm-none-eabi/lib/thumb/v7e-m+fp/hard\libc_nano.a(lib_a-errno.o)
                              ./Core/Src/syscalls.o (__errno)
c:/st/stm32cubeide_1.9.0/stm32cubeide/plugins/com.st.stm32cube.ide.mcu.externaltools.gnu-tools-for-stm32.10.3-2021.10.win32_1.0.0.202111181127/tools/bin/../lib/gcc/arm-none-eabi/10.3.1/../../../../arm-none-eabi/lib/thumb/v7e-m+fp/hard\libc_nano.a(lib_a-exit.o)
                              c:/st/stm32cubeide_1.9.0/stm32cubeide/plugins/com.st.stm32cube.ide.mcu.externaltools.gnu-tools-for-stm32.10.3-2021.10.win32_1.0.0.202111181127/tools/bin/../lib/gcc/arm-none-eabi/10.3.1/../../../../arm-none-eabi/lib/thumb/v7e-m+fp/hard/crt0.o (exit)
c:/st/stm32cubeide_1.9.0/stm32cubeide/plugins/com.st.stm32cube.ide.mcu.externaltools.gnu-tools-for-stm32.10.3-2021.10.win32_1.0.0.202111181127/tools/bin/../lib/gcc/arm-none-eabi/10.3.1/../../../../arm-none-eabi/lib/thumb/v7e-m+fp/hard\libc_nano.a(lib_a-impure.o)
                              c:/st/stm32cubeide_1.9.0/stm32cubeide/plugins/com.st.stm32cube.ide.mcu.externaltools.gnu-tools-for-stm32.10.3-2021.10.win32_1.0.0.202111181127/tools/bin/../lib/gcc/arm-none-eabi/10.3.1/../../../../arm-none-eabi/lib/thumb/v7e-m+fp/hard\libc_nano.a(lib_a-exit.o) (_global_impure_ptr)
c:/st/stm32cubeide_1.9.0/stm32cubeide/plugins/com.st.stm32cube.ide.mcu.externaltools.gnu-tools-for-stm32.10.3-2021.10.win32_1.0.0.202111181127/tools/bin/../lib/gcc/arm-none-eabi/10.3.1/../../../../arm-none-eabi/lib/thumb/v7e-m+fp/hard\libc_nano.a(lib_a-init.o)
                              c:/st/stm32cubeide_1.9.0/stm32cubeide/plugins/com.st.stm32cube.ide.mcu.externaltools.gnu-tools-for-stm32.10.3-2021.10.win32_1.0.0.202111181127/tools/bin/../lib/gcc/arm-none-eabi/10.3.1/../../../../arm-none-eabi/lib/thumb/v7e-m+fp/hard/crt0.o (__libc_init_array)
c:/st/stm32cubeide_1.9.0/stm32cubeide/plugins/com.st.stm32cube.ide.mcu.externaltools.gnu-tools-for-stm32.10.3-2021.10.win32_1.0.0.202111181127/tools/bin/../lib/gcc/arm-none-eabi/10.3.1/../../../../arm-none-eabi/lib/thumb/v7e-m+fp/hard\libc_nano.a(lib_a-memcpy-stub.o)
                              ./Drivers/VL53L0X/core/src/vl53l0x_api_calibration.o (memcpy)
c:/st/stm32cubeide_1.9.0/stm32cubeide/plugins/com.st.stm32cube.ide.mcu.externaltools.gnu-tools-for-stm32.10.3-2021.10.win32_1.0.0.202111181127/tools/bin/../lib/gcc/arm-none-eabi/10.3.1/../../../../arm-none-eabi/lib/thumb/v7e-m+fp/hard\libc_nano.a(lib_a-memset.o)
                              c:/st/stm32cubeide_1.9.0/stm32cubeide/plugins/com.st.stm32cube.ide.mcu.externaltools.gnu-tools-for-stm32.10.3-2021.10.win32_1.0.0.202111181127/tools/bin/../lib/gcc/arm-none-eabi/10.3.1/../../../../arm-none-eabi/lib/thumb/v7e-m+fp/hard/crt0.o (memset)
c:/st/stm32cubeide_1.9.0/stm32cubeide/plugins/com.st.stm32cube.ide.mcu.externaltools.gnu-tools-for-stm32.10.3-2021.10.win32_1.0.0.202111181127/tools/bin/../lib/gcc/arm-none-eabi/10.3.1/../../../../arm-none-eabi/lib/thumb/v7e-m+fp/hard\libc_nano.a(lib_a-sprintf.o)
                              ./Core/Src/lidar.o (sprintf)
c:/st/stm32cubeide_1.9.0/stm32cubeide/plugins/com.st.stm32cube.ide.mcu.externaltools.gnu-tools-for-stm32.10.3-2021.10.win32_1.0.0.202111181127/tools/bin/../lib/gcc/arm-none-eabi/10.3.1/../../../../arm-none-eabi/lib/thumb/v7e-m+fp/hard\libc_nano.a(lib_a-strcpy.o)
                              ./Drivers/VL53L0X/core/src/vl53l0x_api_core.o (strcpy)
c:/st/stm32cubeide_1.9.0/stm32cubeide/plugins/com.st.stm32cube.ide.mcu.externaltools.gnu-tools-for-stm32.10.3-2021.10.win32_1.0.0.202111181127/tools/bin/../lib/gcc/arm-none-eabi/10.3.1/../../../../arm-none-eabi/lib/thumb/v7e-m+fp/hard\libc_nano.a(lib_a-strlen.o)
                              ./Core/Src/main.o (strlen)
c:/st/stm32cubeide_1.9.0/stm32cubeide/plugins/com.st.stm32cube.ide.mcu.externaltools.gnu-tools-for-stm32.10.3-2021.10.win32_1.0.0.202111181127/tools/bin/../lib/gcc/arm-none-eabi/10.3.1/../../../../arm-none-eabi/lib/thumb/v7e-m+fp/hard\libc_nano.a(lib_a-nano-svfprintf.o)
                              c:/st/stm32cubeide_1.9.0/stm32cubeide/plugins/com.st.stm32cube.ide.mcu.externaltools.gnu-tools-for-stm32.10.3-2021.10.win32_1.0.0.202111181127/tools/bin/../lib/gcc/arm-none-eabi/10.3.1/../../../../arm-none-eabi/lib/thumb/v7e-m+fp/hard\libc_nano.a(lib_a-sprintf.o) (_svfprintf_r)
c:/st/stm32cubeide_1.9.0/stm32cubeide/plugins/com.st.stm32cube.ide.mcu.externaltools.gnu-tools-for-stm32.10.3-2021.10.win32_1.0.0.202111181127/tools/bin/../lib/gcc/arm-none-eabi/10.3.1/../../../../arm-none-eabi/lib/thumb/v7e-m+fp/hard\libc_nano.a(lib_a-nano-vfprintf_i.o)
[...]
Memory Configuration

Name             Origin             Length             Attributes
RAM              0x0000000020000000 0x0000000000020000 xrw
FLASH            0x0000000008000000 0x0000000000080000 xr
*default*        0x0000000000000000 0xffffffffffffffff

Linker script and memory map

LOAD c:/st/stm32cubeide_1.9.0/stm32cubeide/plugins/com.st.stm32cube.ide.mcu.externaltools.gnu-tools-for-stm32.10.3-2021.10.win32_1.0.0.202111181127/tools/bin/../lib/gcc/arm-none-eabi/10.3.1/thumb/v7e-m+fp/hard/crti.o
LOAD c:/st/stm32cubeide_1.9.0/stm32cubeide/plugins/com.st.stm32cube.ide.mcu.externaltools.gnu-tools-for-stm32.10.3-2021.10.win32_1.0.0.202111181127/tools/bin/../lib/gcc/arm-none-eabi/10.3.1/thumb/v7e-m+fp/hard/crtbegin.o
LOAD c:/st/stm32cubeide_1.9.0/stm32cubeide/plugins/com.st.stm32cube.ide.mcu.externaltools.gnu-tools-for-stm32.10.3-2021.10.win32_1.0.0.202111181127/tools/bin/../lib/gcc/arm-none-eabi/10.3.1/../../../../arm-none-eabi/lib/thumb/v7e-m+fp/hard/crt0.o
LOAD ./Core/Src/lidar.o
LOAD ./Core/Src/main.o
LOAD ./Core/Src/stm32f4xx_hal_msp.o
LOAD ./Core/Src/stm32f4xx_it.o
LOAD ./Core/Src/syscalls.o
LOAD ./Core/Src/sysmem.o
LOAD ./Core/Src/system_stm32f4xx.o
LOAD ./Core/Startup/startup_stm32f411ceux.o
LOAD ./Drivers/STM32F4xx_HAL_Driver/Src/stm32f4xx_hal.o
LOAD ./Drivers/STM32F4xx_HAL_Driver/Src/stm32f4xx_hal_cortex.o
LOAD ./Drivers/STM32F4xx_HAL_Driver/Src/stm32f4xx_hal_dma.o
LOAD ./Drivers/STM32F4xx_HAL_Driver/Src/stm32f4xx_hal_dma_ex.o
LOAD ./Drivers/STM32F4xx_HAL_Driver/Src/stm32f4xx_hal_exti.o
LOAD ./Drivers/STM32F4xx_HAL_Driver/Src/stm32f4xx_hal_flash.o
LOAD ./Drivers/STM32F4xx_HAL_Driver/Src/stm32f4xx_hal_flash_ex.o
LOAD ./Drivers/STM32F4xx_HAL_Driver/Src/stm32f4xx_hal_flash_ramfunc.o
LOAD ./Drivers/STM32F4xx_HAL_Driver/Src/stm32f4xx_hal_gpio.o
LOAD ./Drivers/STM32F4xx_HAL_Driver/Src/stm32f4xx_hal_i2c.o
LOAD ./Drivers/STM32F4xx_HAL_Driver/Src/stm32f4xx_hal_i2c_ex.o
LOAD ./Drivers/STM32F4xx_HAL_Driver/Src/stm32f4xx_hal_pwr.o
LOAD ./Drivers/STM32F4xx_HAL_Driver/Src/stm32f4xx_hal_pwr_ex.o
LOAD ./Drivers/STM32F4xx_HAL_Driver/Src/stm32f4xx_hal_rcc.o
LOAD ./Drivers/STM32F4xx_HAL_Driver/Src/stm32f4xx_hal_rcc_ex.o
LOAD ./Drivers/STM32F4xx_HAL_Driver/Src/stm32f4xx_hal_tim.o
LOAD ./Drivers/STM32F4xx_HAL_Driver/Src/stm32f4xx_hal_tim_ex.o
LOAD ./Drivers/STM32F4xx_HAL_Driver/Src/stm32f4xx_hal_uart.o
LOAD ./Drivers/VL53L0X/core/src/vl53l0x_api.o
LOAD ./Drivers/VL53L0X/core/src/vl53l0x_api_calibration.o
LOAD ./Drivers/VL53L0X/core/src/vl53l0x_api_core.o
LOAD ./Drivers/VL53L0X/core/src/vl53l0x_api_ranging.o
LOAD ./Drivers/VL53L0X/core/src/vl53l0x_api_strings.o
LOAD ./Drivers/VL53L0X/platform/src/vl53l0x_i2c_comms.o
LOAD ./Drivers/VL53L0X/platform/src/vl53l0x_platform.o
START GROUP
LOAD c:/st/stm32cubeide_1.9.0/stm32cubeide/plugins/com.st.stm32cube.ide.mcu.externaltools.gnu-tools-for-stm32.10.3-2021.10.win32_1.0.0.202111181127/tools/bin/../lib/gcc/arm-none-eabi/10.3.1/../../../../arm-none-eabi/lib/thumb/v7e-m+fp/hard\libstdc++_nano.a
LOAD c:/st/stm32cubeide_1.9.0/stm32cubeide/plugins/com.st.stm32cube.ide.mcu.externaltools.gnu-tools-for-stm32.10.3-2021.10.win32_1.0.0.202111181127/tools/bin/../lib/gcc/arm-none-eabi/10.3.1/../../../../arm-none-eabi/lib/thumb/v7e-m+fp/hard\libsupc++_nano.a
END GROUP
LOAD c:/st/stm32cubeide_1.9.0/stm32cubeide/plugins/com.st.stm32cube.ide.mcu.externaltools.gnu-tools-for-stm32.10.3-2021.10.win32_1.0.0.202111181127/tools/bin/../lib/gcc/arm-none-eabi/10.3.1/../../../../arm-none-eabi/lib/thumb/v7e-m+fp/hard\libstdc++_nano.a
LOAD c:/st/stm32cubeide_1.9.0/stm32cubeide/plugins/com.st.stm32cube.ide.mcu.externaltools.gnu-tools-for-stm32.10.3-2021.10.win32_1.0.0.202111181127/tools/bin/../lib/gcc/arm-none-eabi/10.3.1/../../../../arm-none-eabi/lib/thumb/v7e-m+fp/hard\libm.a
LOAD c:/st/stm32cubeide_1.9.0/stm32cubeide/plugins/com.st.stm32cube.ide.mcu.externaltools.gnu-tools-for-stm32.10.3-2021.10.win32_1.0.0.202111181127/tools/bin/../lib/gcc/arm-none-eabi/10.3.1/../../../../arm-none-eabi/lib/thumb/v7e-m+fp/hard\libc_nano.a
START GROUP
LOAD c:/st/stm32cubeide_1.9.0/stm32cubeide/plugins/com.st.stm32cube.ide.mcu.externaltools.gnu-tools-for-stm32.10.3-2021.10.win32_1.0.0.202111181127/tools/bin/../lib/gcc/arm-none-eabi/10.3.1/thumb/v7e-m+fp/hard\libgcc.a
LOAD c:/st/stm32cubeide_1.9.0/stm32cubeide/plugins/com.st.stm32cube.ide.mcu.externaltools.gnu-tools-for-stm32.10.3-2021.10.win32_1.0.0.202111181127/tools/bin/../lib/gcc/arm-none-eabi/10.3.1/../../../../arm-none-eabi/lib/thumb/v7e-m+fp/hard\libc_nano.a
END GROUP
START GROUP
LOAD c:/st/stm32cubeide_1.9.0/stm32cubeide/plugins/com.st.stm32cube.ide.mcu.externaltools.gnu-tools-for-stm32.10.3-2021.10.win32_1.0.0.202111181127/tools/bin/../lib/gcc/arm-none-eabi/10.3.1/thumb/v7e-m+fp/hard\libgcc.a
LOAD c:/st/stm32cubeide_1.9.0/stm32cubeide/plugins/com.st.stm32cube.ide.mcu.externaltools.gnu-tools-for-stm32.10.3-2021.10.win32_1.0.0.202111181127/tools/bin/../lib/gcc/arm-none-eabi/10.3.1/../../../../arm-none-eabi/lib/thumb/v7e-m+fp/hard\libc_nano.a
END GROUP
LOAD c:/st/stm32cubeide_1.9.0/stm32cubeide/plugins/com.st.stm32cube.ide.mcu.externaltools.gnu-tools-for-stm32.10.3-2021.10.win32_1.0.0.202111181127/tools/bin/../lib/gcc/arm-none-eabi/10.3.1/thumb/v7e-m+fp/hard/crtend.o
LOAD c:/st/stm32cubeide_1.9.0/stm32cubeide/plugins/com.st.stm32cube.ide.mcu.externaltools.gnu-tools-for-stm32.10.3-2021.10.win32_1.0.0.202111181127/tools/bin/../lib/gcc/arm-none-eabi/10.3.1/thumb/v7e-m+fp/hard/crtn.o
                0x0000000020020000                _estack = (ORIGIN (RAM) + LENGTH (RAM))
                0x0000000000000200                _Min_Heap_Size = 0x200
                0x0000000000000400                _Min_Stack_Size = 0x400

.isr_vector     0x0000000008000000      0x198
                0x0000000008000000                . = ALIGN (0x4)
 *(.isr_vector)
 .isr_vector    0x0000000008000000      0x198 ./Core/Startup/startup_stm32f411ceux.o
                0x0000000008000000                g_pfnVectors
                0x0000000008000198                . = ALIGN (0x4)

.text           0x00000000080001a0     0x870c
                0x00000000080001a0                . = ALIGN (0x4)
 *(.text)
 .text          0x00000000080001a0       0x40 c:/st/stm32cubeide_1.9.0/stm32cubeide/plugins/com.st.stm32cube.ide.mcu.externaltools.gnu-tools-for-stm32.10.3-2021.10.win32_1.0.0.202111181127/tools/bin/../lib/gcc/arm-none-eabi/10.3.1/thumb/v7e-m+fp/hard/crtbegin.o
 .text          0x00000000080001e0       0x10 c:/st/stm32cubeide_1.9.0/stm32cubeide/plugins/com.st.stm32cube.ide.mcu.externaltools.gnu-tools-for-stm32.10.3-2021.10.win32_1.0.0.202111181127/tools/bin/../lib/gcc/arm-none-eabi/10.3.1/../../../../arm-none-eabi/lib/thumb/v7e-m+fp/hard\libc_nano.a(lib_a-strlen.o)
                0x00000000080001e0                strlen
 .text          0x00000000080001f0       0xa0 c:/st/stm32cubeide_1.9.0/stm32cubeide/plugins/com.st.stm32cube.ide.mcu.externaltools.gnu-tools-for-stm32.10.3-2021.10.win32_1.0.0.202111181127/tools/bin/../lib/gcc/arm-none-eabi/10.3.1/../../../../arm-none-eabi/lib/thumb/v7e-m+fp/hard\libc_nano.a(lib_a-memchr.o)
                0x00000000080001f0                memchr
 .text          0x0000000008000290       0x30 c:/st/stm32cubeide_1.9.0/stm32cubeide/plugins/com.st.stm32cube.ide.mcu.externaltools.gnu-tools-for-stm32.10.3-2021.10.win32_1.0.0.202111181127/tools/bin/../lib/gcc/arm-none-eabi/10.3.1/thumb/v7e-m+fp/hard\libgcc.a(_aeabi_uldivmod.o)
                0x0000000008000290                __aeabi_uldivmod
 .text          0x00000000080002c0      0x2d0 c:/st/stm32cubeide_1.9.0/stm32cubeide/plugins/com.st.stm32cube.ide.mcu.externaltools.gnu-tools-for-stm32.10.3-2021.10.win32_1.0.0.202111181127/tools/bin/../lib/gcc/arm-none-eabi/10.3.1/thumb/v7e-m+fp/hard\libgcc.a(_udivmoddi4.o)
                0x00000000080002c0                __udivmoddi4
 .text          0x0000000008000590        0x4 c:/st/stm32cubeide_1.9.0/stm32cubeide/plugins/com.st.stm32cube.ide.mcu.externaltools.gnu-tools-for-stm32.10.3-2021.10.win32_1.0.0.202111181127/tools/bin/../lib/gcc/arm-none-eabi/10.3.1/thumb/v7e-m+fp/hard\libgcc.a(_dvmd_tls.o)
                0x0000000008000590                __aeabi_idiv0
                0x0000000008000590                __aeabi_ldiv0
 *(.text*)
 .text.check_ref_reg
                0x0000000008000594       0xb4 ./Core/Src/lidar.o
                0x0000000008000594                check_ref_reg
 .text.init_lidar
                0x0000000008000648       0x36 ./Core/Src/lidar.o
                0x0000000008000648                init_lidar
 .text.setup_lidar_continuous
                0x000000000800067e       0xc6 ./Core/Src/lidar.o
                0x000000000800067e                setup_lidar_continuous
 .text.main     0x0000000008000744      0x100 ./Core/Src/main.o
                0x0000000008000744                main
 .text.SystemClock_Config
                0x0000000008000844       0xd0 ./Core/Src/main.o
                0x0000000008000844                SystemClock_Config
 .text.MX_I2C2_Init
                0x0000000008000914       0x5c ./Core/Src/main.o
 .text.MX_USART1_UART_Init
                0x0000000008000970       0x54 ./Core/Src/main.o
 .text.MX_GPIO_Init
                0x00000000080009c4       0x6c ./Core/Src/main.o
 .text.Error_Handler
                0x0000000008000a30        0xa ./Core/Src/main.o
                0x0000000008000a30                Error_Handler
 *fill*         0x0000000008000a3a        0x2 
 .text.HAL_MspInit
                0x0000000008000a3c       0x50 ./Core/Src/stm32f4xx_hal_msp.o
                0x0000000008000a3c                HAL_MspInit
 .text.HAL_I2C_MspInit
                0x0000000008000a8c       0xb0 ./Core/Src/stm32f4xx_hal_msp.o
                0x0000000008000a8c                HAL_I2C_MspInit
 .text.HAL_UART_MspInit
                0x0000000008000b3c       0x90 ./Core/Src/stm32f4xx_hal_msp.o
                0x0000000008000b3c                HAL_UART_MspInit
 .text.NMI_Handler
                0x0000000008000bcc        0x6 ./Core/Src/stm32f4xx_it.o
                0x0000000008000bcc                NMI_Handler
 .text.HardFault_Handler
                0x0000000008000bd2        0x6 ./Core/Src/stm32f4xx_it.o
                0x0000000008000bd2                HardFault_Handler
 .text.MemManage_Handler
                0x0000000008000bd8        0x6 ./Core/Src/stm32f4xx_it.o
                0x0000000008000bd8                MemManage_Handler
 .text.BusFault_Handler
                0x0000000008000bde        0x6 ./Core/Src/stm32f4xx_it.o
                0x0000000008000bde                BusFault_Handler
 .text.UsageFault_Handler
                0x0000000008000be4        0x6 ./Core/Src/stm32f4xx_it.o
                0x0000000008000be4                UsageFault_Handler
 .text.SVC_Handler
                0x0000000008000bea        0xe ./Core/Src/stm32f4xx_it.o
                0x0000000008000bea                SVC_Handler
 .text.DebugMon_Handler
                0x0000000008000bf8        0xe ./Core/Src/stm32f4xx_it.o
                0x0000000008000bf8                DebugMon_Handler
 .text.PendSV_Handler
                0x0000000008000c06        0xe ./Core/Src/stm32f4xx_it.o
                0x0000000008000c06                PendSV_Handler
 .text.SysTick_Handler
                0x0000000008000c14        0xc ./Core/Src/stm32f4xx_it.o
                0x0000000008000c14                SysTick_Handler
 .text._sbrk    0x0000000008000c20       0x6c ./Core/Src/sysmem.o
                0x0000000008000c20                _sbrk
 .text.SystemInit
                0x0000000008000c8c       0x24 ./Core/Src/system_stm32f4xx.o
                0x0000000008000c8c                SystemInit
 .text.Reset_Handler
                0x0000000008000cb0       0x50 ./Core/Startup/startup_stm32f411ceux.o
                0x0000000008000cb0                Reset_Handler
 .text.Default_Handler
                0x0000000008000d00        0x2 ./Core/Startup/startup_stm32f411ceux.o
                0x0000000008000d00                RTC_Alarm_IRQHandler
                0x0000000008000d00                EXTI2_IRQHandler
                0x0000000008000d00                SPI4_IRQHandler
                0x0000000008000d00                TIM1_CC_IRQHandler
                0x0000000008000d00                DMA2_Stream5_IRQHandler
                0x0000000008000d00                DMA1_Stream5_IRQHandler
                0x0000000008000d00                PVD_IRQHandler
                0x0000000008000d00                SDIO_IRQHandler
                0x0000000008000d00                TAMP_STAMP_IRQHandler
                0x0000000008000d00                EXTI3_IRQHandler
                0x0000000008000d00                TIM1_UP_TIM10_IRQHandler
                0x0000000008000d00                I2C3_ER_IRQHandler
                0x0000000008000d00                EXTI0_IRQHandler
                0x0000000008000d00                I2C2_EV_IRQHandler
                0x0000000008000d00                DMA1_Stream2_IRQHandler
                0x0000000008000d00                FPU_IRQHandler
                0x0000000008000d00                DMA2_Stream2_IRQHandler
                0x0000000008000d00                SPI1_IRQHandler
                0x0000000008000d00                TIM1_BRK_TIM9_IRQHandler
                0x0000000008000d00                DMA2_Stream3_IRQHandler
                0x0000000008000d00                USART6_IRQHandler
                0x0000000008000d00                DMA2_Stream0_IRQHandler
                0x0000000008000d00                TIM4_IRQHandler
                0x0000000008000d00                I2C1_EV_IRQHandler
                0x0000000008000d00                DMA1_Stream6_IRQHandler
                0x0000000008000d00                DMA1_Stream1_IRQHandler
                0x0000000008000d00                TIM3_IRQHandler
                0x0000000008000d00                RCC_IRQHandler
                0x0000000008000d00                Default_Handler
                0x0000000008000d00                EXTI15_10_IRQHandler
                0x0000000008000d00                ADC_IRQHandler
                0x0000000008000d00                DMA1_Stream7_IRQHandler
                0x0000000008000d00                SPI5_IRQHandler
                0x0000000008000d00                TIM5_IRQHandler
                0x0000000008000d00                DMA2_Stream7_IRQHandler
                0x0000000008000d00                I2C3_EV_IRQHandler
                0x0000000008000d00                EXTI9_5_IRQHandler
                0x0000000008000d00                RTC_WKUP_IRQHandler
                0x0000000008000d00                SPI2_IRQHandler
                0x0000000008000d00                DMA1_Stream0_IRQHandler
                0x0000000008000d00                EXTI4_IRQHandler
                0x0000000008000d00                WWDG_IRQHandler
                0x0000000008000d00                TIM2_IRQHandler
                0x0000000008000d00                OTG_FS_WKUP_IRQHandler
                0x0000000008000d00                TIM1_TRG_COM_TIM11_IRQHandler
                0x0000000008000d00                EXTI1_IRQHandler
                0x0000000008000d00                USART2_IRQHandler
                0x0000000008000d00                I2C2_ER_IRQHandler
                0x0000000008000d00                DMA2_Stream1_IRQHandler
                0x0000000008000d00                FLASH_IRQHandler
                0x0000000008000d00                DMA2_Stream4_IRQHandler
                0x0000000008000d00                USART1_IRQHandler
                0x0000000008000d00                OTG_FS_IRQHandler
                0x0000000008000d00                SPI3_IRQHandler
                0x0000000008000d00                DMA1_Stream4_IRQHandler
                0x0000000008000d00                I2C1_ER_IRQHandler
                0x0000000008000d00                DMA2_Stream6_IRQHandler
                0x0000000008000d00                DMA1_Stream3_IRQHandler
 *fill*         0x0000000008000d02        0x2 
 .text.HAL_Init
                0x0000000008000d04       0x44 ./Drivers/STM32F4xx_HAL_Driver/Src/stm32f4xx_hal.o
                0x0000000008000d04                HAL_Init
 .text.HAL_InitTick
                0x0000000008000d48       0x60 ./Drivers/STM32F4xx_HAL_Driver/Src/stm32f4xx_hal.o
                0x0000000008000d48                HAL_InitTick
 .text.HAL_IncTick
                0x0000000008000da8       0x28 ./Drivers/STM32F4xx_HAL_Driver/Src/stm32f4xx_hal.o
                0x0000000008000da8                HAL_IncTick
 .text.HAL_GetTick
                0x0000000008000dd0       0x18 ./Drivers/STM32F4xx_HAL_Driver/Src/stm32f4xx_hal.o
                0x0000000008000dd0                HAL_GetTick
 .text.HAL_Delay
                0x0000000008000de8       0x48 ./Drivers/STM32F4xx_HAL_Driver/Src/stm32f4xx_hal.o
                0x0000000008000de8                HAL_Delay
 .text.__NVIC_SetPriorityGrouping
                0x0000000008000e30       0x48 ./Drivers/STM32F4xx_HAL_Driver/Src/stm32f4xx_hal_cortex.o
 .text.__NVIC_GetPriorityGrouping
                0x0000000008000e78       0x1c ./Drivers/STM32F4xx_HAL_Driver/Src/stm32f4xx_hal_cortex.o
 .text.__NVIC_SetPriority
                0x0000000008000e94       0x54 ./Drivers/STM32F4xx_HAL_Driver/Src/stm32f4xx_hal_cortex.o
 .text.NVIC_EncodePriority
                0x0000000008000ee8       0x66 ./Drivers/STM32F4xx_HAL_Driver/Src/stm32f4xx_hal_cortex.o
 *fill*         0x0000000008000f4e        0x2 
 .text.SysTick_Config
                0x0000000008000f50       0x44 ./Drivers/STM32F4xx_HAL_Driver/Src/stm32f4xx_hal_cortex.o
 .text.HAL_NVIC_SetPriorityGrouping
                0x0000000008000f94       0x16 ./Drivers/STM32F4xx_HAL_Driver/Src/stm32f4xx_hal_cortex.o
                0x0000000008000f94                HAL_NVIC_SetPriorityGrouping
 .text.HAL_NVIC_SetPriority
                0x0000000008000faa       0x38 ./Drivers/STM32F4xx_HAL_Driver/Src/stm32f4xx_hal_cortex.o
                0x0000000008000faa                HAL_NVIC_SetPriority
 .text.HAL_SYSTICK_Config
                0x0000000008000fe2       0x18 ./Drivers/STM32F4xx_HAL_Driver/Src/stm32f4xx_hal_cortex.o
                0x0000000008000fe2                HAL_SYSTICK_Config
 *fill*         0x0000000008000ffa        0x2 
 .text.HAL_GPIO_Init
                0x0000000008000ffc      0x308 ./Drivers/STM32F4xx_HAL_Driver/Src/stm32f4xx_hal_gpio.o
                0x0000000008000ffc                HAL_GPIO_Init
 .text.HAL_I2C_Init
                0x0000000008001304      0x288 ./Drivers/STM32F4xx_HAL_Driver/Src/stm32f4xx_hal_i2c.o
                0x0000000008001304                HAL_I2C_Init
 .text.HAL_I2C_Master_Transmit
                0x000000000800158c      0x1fc ./Drivers/STM32F4xx_HAL_Driver/Src/stm32f4xx_hal_i2c.o
                0x000000000800158c                HAL_I2C_Master_Transmit
 .text.HAL_I2C_Master_Receive
                0x0000000008001788      0x44c ./Drivers/STM32F4xx_HAL_Driver/Src/stm32f4xx_hal_i2c.o
                0x0000000008001788                HAL_I2C_Master_Receive
 .text.I2C_MasterRequestWrite
                0x0000000008001bd4      0x104 ./Drivers/STM32F4xx_HAL_Driver/Src/stm32f4xx_hal_i2c.o
 .text.I2C_MasterRequestRead
                0x0000000008001cd8      0x19c ./Drivers/STM32F4xx_HAL_Driver/Src/stm32f4xx_hal_i2c.o
 .text.I2C_WaitOnFlagUntilTimeout
                0x0000000008001e74       0xae ./Drivers/STM32F4xx_HAL_Driver/Src/stm32f4xx_hal_i2c.o
 .text.I2C_WaitOnMasterAddressFlagUntilTimeout
                0x0000000008001f22       0xfe ./Drivers/STM32F4xx_HAL_Driver/Src/stm32f4xx_hal_i2c.o
 .text.I2C_WaitOnTXEFlagUntilTimeout
                0x0000000008002020       0x82 ./Drivers/STM32F4xx_HAL_Driver/Src/stm32f4xx_hal_i2c.o
 .text.I2C_WaitOnBTFFlagUntilTimeout
                0x00000000080020a2       0x82 ./Drivers/STM32F4xx_HAL_Driver/Src/stm32f4xx_hal_i2c.o
 .text.I2C_WaitOnRXNEFlagUntilTimeout
                0x0000000008002124       0xac ./Drivers/STM32F4xx_HAL_Driver/Src/stm32f4xx_hal_i2c.o
 .text.I2C_IsAcknowledgeFailed
                0x00000000080021d0       0x5e ./Drivers/STM32F4xx_HAL_Driver/Src/stm32f4xx_hal_i2c.o
 *fill*         0x000000000800222e        0x2 
 .text.HAL_RCC_OscConfig
                0x0000000008002230      0x4f0 ./Drivers/STM32F4xx_HAL_Driver/Src/stm32f4xx_hal_rcc.o
                0x0000000008002230                HAL_RCC_OscConfig
 .text.HAL_RCC_ClockConfig
                0x0000000008002720      0x1cc ./Drivers/STM32F4xx_HAL_Driver/Src/stm32f4xx_hal_rcc.o
                0x0000000008002720                HAL_RCC_ClockConfig
 .text.HAL_RCC_GetSysClockFreq
                0x00000000080028ec      0x18c ./Drivers/STM32F4xx_HAL_Driver/Src/stm32f4xx_hal_rcc.o
                0x00000000080028ec                HAL_RCC_GetSysClockFreq
 .text.HAL_RCC_GetHCLKFreq
                0x0000000008002a78       0x18 ./Drivers/STM32F4xx_HAL_Driver/Src/stm32f4xx_hal_rcc.o
                0x0000000008002a78                HAL_RCC_GetHCLKFreq
 .text.HAL_RCC_GetPCLK1Freq
                0x0000000008002a90       0x28 ./Drivers/STM32F4xx_HAL_Driver/Src/stm32f4xx_hal_rcc.o
                0x0000000008002a90                HAL_RCC_GetPCLK1Freq
 .text.HAL_RCC_GetPCLK2Freq
                0x0000000008002ab8       0x28 ./Drivers/STM32F4xx_HAL_Driver/Src/stm32f4xx_hal_rcc.o
                0x0000000008002ab8                HAL_RCC_GetPCLK2Freq
 .text.HAL_UART_Init
                0x0000000008002ae0       0x9a ./Drivers/STM32F4xx_HAL_Driver/Src/stm32f4xx_hal_uart.o
                0x0000000008002ae0                HAL_UART_Init
 .text.HAL_UART_Transmit
                0x0000000008002b7a      0x124 ./Drivers/STM32F4xx_HAL_Driver/Src/stm32f4xx_hal_uart.o
                0x0000000008002b7a                HAL_UART_Transmit
 .text.UART_WaitOnFlagUntilTimeout
                0x0000000008002c9e       0xdc ./Drivers/STM32F4xx_HAL_Driver/Src/stm32f4xx_hal_uart.o
 *fill*         0x0000000008002d7a        0x2 
 .text.UART_SetConfig
                0x0000000008002d7c      0x4e8 ./Drivers/STM32F4xx_HAL_Driver/Src/stm32f4xx_hal_uart.o
 .text.VL53L0X_GetDeviceInfo
                0x0000000008003264       0x26 ./Drivers/VL53L0X/core/src/vl53l0x_api.o
                0x0000000008003264                VL53L0X_GetDeviceInfo
 .text.VL53L0X_GetOffsetCalibrationDataMicroMeter
                0x000000000800328a       0x26 ./Drivers/VL53L0X/core/src/vl53l0x_api.o
                0x000000000800328a                VL53L0X_GetOffsetCalibrationDataMicroMeter
 .text.VL53L0X_DataInit
                0x00000000080032b0      0x2ec ./Drivers/VL53L0X/core/src/vl53l0x_api.o
                0x00000000080032b0                VL53L0X_DataInit
 .text.VL53L0X_StaticInit
                0x000000000800359c      0x2f0 ./Drivers/VL53L0X/core/src/vl53l0x_api.o
                0x000000000800359c                VL53L0X_StaticInit
 .text.VL53L0X_GetDeviceParameters
                0x000000000800388c      0x11e ./Drivers/VL53L0X/core/src/vl53l0x_api.o
                0x000000000800388c                VL53L0X_GetDeviceParameters
 *fill*         0x00000000080039aa        0x2 
 .text.VL53L0X_SetDeviceMode
                0x00000000080039ac       0x58 ./Drivers/VL53L0X/core/src/vl53l0x_api.o
                0x00000000080039ac                VL53L0X_SetDeviceMode
 .text.VL53L0X_GetDeviceMode
                0x0000000008003a04       0x26 ./Drivers/VL53L0X/core/src/vl53l0x_api.o
                0x0000000008003a04                VL53L0X_GetDeviceMode
 .text.VL53L0X_GetFractionEnable
                0x0000000008003a2a       0x3e ./Drivers/VL53L0X/core/src/vl53l0x_api.o
                0x0000000008003a2a                VL53L0X_GetFractionEnable
 .text.VL53L0X_SetMeasurementTimingBudgetMicroSeconds
                0x0000000008003a68       0x26 ./Drivers/VL53L0X/core/src/vl53l0x_api.o
                0x0000000008003a68                VL53L0X_SetMeasurementTimingBudgetMicroSeconds
 .text.VL53L0X_GetMeasurementTimingBudgetMicroSeconds
                0x0000000008003a8e       0x26 ./Drivers/VL53L0X/core/src/vl53l0x_api.o
                0x0000000008003a8e                VL53L0X_GetMeasurementTimingBudgetMicroSeconds
 .text.VL53L0X_GetVcselPulsePeriod
                0x0000000008003ab4       0x2e ./Drivers/VL53L0X/core/src/vl53l0x_api.o
                0x0000000008003ab4                VL53L0X_GetVcselPulsePeriod
 *fill*         0x0000000008003ae2        0x2 
 .text.VL53L0X_SetSequenceStepEnable
                0x0000000008003ae4      0x140 ./Drivers/VL53L0X/core/src/vl53l0x_api.o
                0x0000000008003ae4                VL53L0X_SetSequenceStepEnable
 .text._Z21sequence_step_enabledP13VL53L0X_Dev_thhPh
                0x0000000008003c24       0xa4 ./Drivers/VL53L0X/core/src/vl53l0x_api.o
                0x0000000008003c24                sequence_step_enabled(VL53L0X_Dev_t*, unsigned char, unsigned char, unsigned char*)
 .text.VL53L0X_GetSequenceStepEnables
                0x0000000008003cc8       0xb0 ./Drivers/VL53L0X/core/src/vl53l0x_api.o
                0x0000000008003cc8                VL53L0X_GetSequenceStepEnables
 .text.VL53L0X_GetSequenceStepTimeout
                0x0000000008003d78       0x80 ./Drivers/VL53L0X/core/src/vl53l0x_api.o
                0x0000000008003d78                VL53L0X_GetSequenceStepTimeout
 .text.VL53L0X_GetInterMeasurementPeriodMilliSeconds
                0x0000000008003df8       0x68 ./Drivers/VL53L0X/core/src/vl53l0x_api.o
                0x0000000008003df8                VL53L0X_GetInterMeasurementPeriodMilliSeconds
 .text.VL53L0X_GetXTalkCompensationEnable
                0x0000000008003e60       0x2a ./Drivers/VL53L0X/core/src/vl53l0x_api.o
                0x0000000008003e60                VL53L0X_GetXTalkCompensationEnable
 .text.VL53L0X_GetXTalkCompensationRateMegaCps
                0x0000000008003e8a       0x66 ./Drivers/VL53L0X/core/src/vl53l0x_api.o
                0x0000000008003e8a                VL53L0X_GetXTalkCompensationRateMegaCps
 .text.VL53L0X_SetLimitCheckEnable
                0x0000000008003ef0      0x118 ./Drivers/VL53L0X/core/src/vl53l0x_api.o
                0x0000000008003ef0                VL53L0X_SetLimitCheckEnable
 .text.VL53L0X_GetLimitCheckEnable
                0x0000000008004008       0x46 ./Drivers/VL53L0X/core/src/vl53l0x_api.o
                0x0000000008004008                VL53L0X_GetLimitCheckEnable
 *fill*         0x000000000800404e        0x2 
 .text.VL53L0X_SetLimitCheckValue
                0x0000000008004050       0xc4 ./Drivers/VL53L0X/core/src/vl53l0x_api.o
                0x0000000008004050                VL53L0X_SetLimitCheckValue
 .text.VL53L0X_GetLimitCheckValue
                0x0000000008004114      0x11c ./Drivers/VL53L0X/core/src/vl53l0x_api.o
                0x0000000008004114                VL53L0X_GetLimitCheckValue
 .text.VL53L0X_GetWrapAroundCheckEnable
                0x0000000008004230       0x64 ./Drivers/VL53L0X/core/src/vl53l0x_api.o
                0x0000000008004230                VL53L0X_GetWrapAroundCheckEnable
 .text.VL53L0X_PerformSingleMeasurement
                0x0000000008004294       0x68 ./Drivers/VL53L0X/core/src/vl53l0x_api.o
                0x0000000008004294                VL53L0X_PerformSingleMeasurement
 .text.VL53L0X_PerformRefCalibration
                0x00000000080042fc       0x2c ./Drivers/VL53L0X/core/src/vl53l0x_api.o
                0x00000000080042fc                VL53L0X_PerformRefCalibration
 .text._Z37VL53L0X_CheckAndLoadInterruptSettingsP13VL53L0X_Dev_th
                0x0000000008004328       0xcc ./Drivers/VL53L0X/core/src/vl53l0x_api.o
                0x0000000008004328                VL53L0X_CheckAndLoadInterruptSettings(VL53L0X_Dev_t*, unsigned char)
 .text.VL53L0X_StartMeasurement
                0x00000000080043f4      0x182 ./Drivers/VL53L0X/core/src/vl53l0x_api.o
                0x00000000080043f4                VL53L0X_StartMeasurement
 .text.VL53L0X_GetMeasurementDataReady
                0x0000000008004576       0x80 ./Drivers/VL53L0X/core/src/vl53l0x_api.o
                0x0000000008004576                VL53L0X_GetMeasurementDataReady
 *fill*         0x00000000080045f6        0x2 
 .text.VL53L0X_GetRangingMeasurementData
                0x00000000080045f8      0x248 ./Drivers/VL53L0X/core/src/vl53l0x_api.o
                0x00000000080045f8                VL53L0X_GetRangingMeasurementData
 .text.VL53L0X_PerformSingleRangingMeasurement
                0x0000000008004840       0x60 ./Drivers/VL53L0X/core/src/vl53l0x_api.o
                0x0000000008004840                VL53L0X_PerformSingleRangingMeasurement
 .text.VL53L0X_SetGpioConfig
                0x00000000080048a0      0x244 ./Drivers/VL53L0X/core/src/vl53l0x_api.o
                0x00000000080048a0                VL53L0X_SetGpioConfig
 .text.VL53L0X_GetInterruptThresholds
                0x0000000008004ae4       0x6c ./Drivers/VL53L0X/core/src/vl53l0x_api.o
                0x0000000008004ae4                VL53L0X_GetInterruptThresholds
 .text.VL53L0X_ClearInterruptMask
                0x0000000008004b50       0x82 ./Drivers/VL53L0X/core/src/vl53l0x_api.o
                0x0000000008004b50                VL53L0X_ClearInterruptMask
 .text.VL53L0X_GetInterruptMaskStatus
                0x0000000008004bd2       0x44 ./Drivers/VL53L0X/core/src/vl53l0x_api.o
                0x0000000008004bd2                VL53L0X_GetInterruptMaskStatus
 .text.VL53L0X_PerformRefSpadManagement
                0x0000000008004c16       0x2a ./Drivers/VL53L0X/core/src/vl53l0x_api.o
                0x0000000008004c16                VL53L0X_PerformRefSpadManagement
 .text.VL53L0X_get_offset_calibration_data_micro_meter
                0x0000000008004c40       0x7e ./Drivers/VL53L0X/core/src/vl53l0x_api_calibration.o
                0x0000000008004c40                VL53L0X_get_offset_calibration_data_micro_meter
 .text._Z18get_next_good_spadPhmmPl
                0x0000000008004cbe       0xbc ./Drivers/VL53L0X/core/src/vl53l0x_api_calibration.o
                0x0000000008004cbe                get_next_good_spad(unsigned char*, unsigned long, unsigned long, long*)
 *fill*         0x0000000008004d7a        0x2 
 .text._Z11is_aperturem
                0x0000000008004d7c       0x34 ./Drivers/VL53L0X/core/src/vl53l0x_api_calibration.o
                0x0000000008004d7c                is_aperture(unsigned long)
 .text._Z15enable_spad_bitPhmm
                0x0000000008004db0       0x70 ./Drivers/VL53L0X/core/src/vl53l0x_api_calibration.o
                0x0000000008004db0                enable_spad_bit(unsigned char*, unsigned long, unsigned long)
 .text._Z16set_ref_spad_mapP13VL53L0X_Dev_tPh
                0x0000000008004e20       0x26 ./Drivers/VL53L0X/core/src/vl53l0x_api_calibration.o
                0x0000000008004e20                set_ref_spad_map(VL53L0X_Dev_t*, unsigned char*)
 .text._Z16get_ref_spad_mapP13VL53L0X_Dev_tPh
                0x0000000008004e46       0x26 ./Drivers/VL53L0X/core/src/vl53l0x_api_calibration.o
                0x0000000008004e46                get_ref_spad_map(VL53L0X_Dev_t*, unsigned char*)
 .text._Z16enable_ref_spadsP13VL53L0X_Dev_thPhS1_mmmmPm
                0x0000000008004e6c      0x102 ./Drivers/VL53L0X/core/src/vl53l0x_api_calibration.o
                0x0000000008004e6c                enable_ref_spads(VL53L0X_Dev_t*, unsigned char, unsigned char*, unsigned char*, unsigned long, unsigned long, unsigned long, unsigned long, unsigned long*)
 .text._Z30perform_ref_signal_measurementP13VL53L0X_Dev_tPt
                0x0000000008004f6e       0xd4 ./Drivers/VL53L0X/core/src/vl53l0x_api_calibration.o
                0x0000000008004f6e                perform_ref_signal_measurement(VL53L0X_Dev_t*, unsigned short*)
 .text.VL53L0X_perform_ref_spad_management
                0x0000000008005042      0x42a ./Drivers/VL53L0X/core/src/vl53l0x_api_calibration.o
                0x0000000008005042                VL53L0X_perform_ref_spad_management
 .text._Z38VL53L0X_perform_single_ref_calibrationP13VL53L0X_Dev_th
                0x000000000800546c       0x76 ./Drivers/VL53L0X/core/src/vl53l0x_api_calibration.o
                0x000000000800546c                VL53L0X_perform_single_ref_calibration(VL53L0X_Dev_t*, unsigned char)
 .text._Z26VL53L0X_ref_calibration_ioP13VL53L0X_Dev_thhhPhS1_hh
                0x00000000080054e2      0x132 ./Drivers/VL53L0X/core/src/vl53l0x_api_calibration.o
                0x00000000080054e2                VL53L0X_ref_calibration_io(VL53L0X_Dev_t*, unsigned char, unsigned char, unsigned char, unsigned char*, unsigned char*, unsigned char, unsigned char)
 .text._Z31VL53L0X_perform_vhv_calibrationP13VL53L0X_Dev_tPhhh
                0x0000000008005614       0xce ./Drivers/VL53L0X/core/src/vl53l0x_api_calibration.o
                0x0000000008005614                VL53L0X_perform_vhv_calibration(VL53L0X_Dev_t*, unsigned char*, unsigned char, unsigned char)
 .text.VL53L0X_perform_phase_calibration
                0x00000000080056e2       0xca ./Drivers/VL53L0X/core/src/vl53l0x_api_calibration.o
                0x00000000080056e2                VL53L0X_perform_phase_calibration
 .text.VL53L0X_perform_ref_calibration
                0x00000000080057ac       0x7a ./Drivers/VL53L0X/core/src/vl53l0x_api_calibration.o
                0x00000000080057ac                VL53L0X_perform_ref_calibration
 .text._ZSt3absx
                0x0000000008005826       0x2a ./Drivers/VL53L0X/core/src/vl53l0x_api_core.o
                0x0000000008005826                std::abs(long long)
 .text.VL53L0X_measurement_poll_for_completion
                0x0000000008005850       0x5e ./Drivers/VL53L0X/core/src/vl53l0x_api_core.o
                0x0000000008005850                VL53L0X_measurement_poll_for_completion
 .text.VL53L0X_decode_vcsel_period
                0x00000000080058ae       0x26 ./Drivers/VL53L0X/core/src/vl53l0x_api_core.o
                0x00000000080058ae                VL53L0X_decode_vcsel_period
 .text.VL53L0X_isqrt
                0x00000000080058d4       0x68 ./Drivers/VL53L0X/core/src/vl53l0x_api_core.o
                0x00000000080058d4                VL53L0X_isqrt
 .text._Z26VL53L0X_device_read_strobeP13VL53L0X_Dev_t
                0x000000000800593c       0x84 ./Drivers/VL53L0X/core/src/vl53l0x_api_core.o
                0x000000000800593c                VL53L0X_device_read_strobe(VL53L0X_Dev_t*)
 .text.VL53L0X_get_info_from_device
                0x00000000080059c0      0x982 ./Drivers/VL53L0X/core/src/vl53l0x_api_core.o
                0x00000000080059c0                VL53L0X_get_info_from_device
 .text._Z28VL53L0X_calc_macro_period_psP13VL53L0X_Dev_th
                0x0000000008006342       0x3c ./Drivers/VL53L0X/core/src/vl53l0x_api_core.o
                0x0000000008006342                VL53L0X_calc_macro_period_ps(VL53L0X_Dev_t*, unsigned char)
 .text.VL53L0X_encode_timeout
                0x000000000800637e       0x58 ./Drivers/VL53L0X/core/src/vl53l0x_api_core.o
                0x000000000800637e                VL53L0X_encode_timeout
 .text.VL53L0X_decode_timeout
                0x00000000080063d6       0x2c ./Drivers/VL53L0X/core/src/vl53l0x_api_core.o
                0x00000000080063d6                VL53L0X_decode_timeout
 *fill*         0x0000000008006402        0x2 
 .text.VL53L0X_calc_timeout_mclks
                0x0000000008006404       0x54 ./Drivers/VL53L0X/core/src/vl53l0x_api_core.o
                0x0000000008006404                VL53L0X_calc_timeout_mclks
 .text._Z23VL53L0X_calc_timeout_usP13VL53L0X_Dev_tth
                0x0000000008006458       0x58 ./Drivers/VL53L0X/core/src/vl53l0x_api_core.o
                0x0000000008006458                VL53L0X_calc_timeout_us(VL53L0X_Dev_t*, unsigned short, unsigned char)
 .text.get_sequence_step_timeout
                0x00000000080064b0      0x1c2 ./Drivers/VL53L0X/core/src/vl53l0x_api_core.o
                0x00000000080064b0                get_sequence_step_timeout
 .text.set_sequence_step_timeout
                0x0000000008006672      0x1e8 ./Drivers/VL53L0X/core/src/vl53l0x_api_core.o
                0x0000000008006672                set_sequence_step_timeout
 .text.VL53L0X_get_vcsel_pulse_period
                0x000000000800685a       0x6e ./Drivers/VL53L0X/core/src/vl53l0x_api_core.o
                0x000000000800685a                VL53L0X_get_vcsel_pulse_period
 .text.VL53L0X_set_measurement_timing_budget_micro_seconds
                0x00000000080068c8      0x1c0 ./Drivers/VL53L0X/core/src/vl53l0x_api_core.o
                0x00000000080068c8                VL53L0X_set_measurement_timing_budget_micro_seconds
 .text.VL53L0X_get_measurement_timing_budget_micro_seconds
                0x0000000008006a88      0x162 ./Drivers/VL53L0X/core/src/vl53l0x_api_core.o
                0x0000000008006a88                VL53L0X_get_measurement_timing_budget_micro_seconds
 *fill*         0x0000000008006bea        0x2 
 .text.VL53L0X_load_tuning_settings
                0x0000000008006bec      0x1c8 ./Drivers/VL53L0X/core/src/vl53l0x_api_core.o
                0x0000000008006bec                VL53L0X_load_tuning_settings
 .text.VL53L0X_get_total_xtalk_rate
                0x0000000008006db4       0x5e ./Drivers/VL53L0X/core/src/vl53l0x_api_core.o
                0x0000000008006db4                VL53L0X_get_total_xtalk_rate
 .text.VL53L0X_get_total_signal_rate
                0x0000000008006e12       0x4a ./Drivers/VL53L0X/core/src/vl53l0x_api_core.o
                0x0000000008006e12                VL53L0X_get_total_signal_rate
 .text._Z17VL53L0X_calc_dmaxP13VL53L0X_Dev_tmmmmmmPm
                0x0000000008006e5c      0x224 ./Drivers/VL53L0X/core/src/vl53l0x_api_core.o
                0x0000000008006e5c                VL53L0X_calc_dmax(VL53L0X_Dev_t*, unsigned long, unsigned long, unsigned long, unsigned long, unsigned long, unsigned long, unsigned long*)
 .text.VL53L0X_calc_sigma_estimate
                0x0000000008007080      0x430 ./Drivers/VL53L0X/core/src/vl53l0x_api_core.o
                0x0000000008007080                VL53L0X_calc_sigma_estimate
 .text.VL53L0X_get_pal_range_status
                0x00000000080074b0      0x3b6 ./Drivers/VL53L0X/core/src/vl53l0x_api_core.o
                0x00000000080074b0                VL53L0X_get_pal_range_status
 .text._Z23VL53L0X_check_part_usedP13VL53L0X_Dev_tPhP20VL53L0X_DeviceInfo_t
                0x0000000008007866       0x6a ./Drivers/VL53L0X/core/src/vl53l0x_api_strings.o
                0x0000000008007866                VL53L0X_check_part_used(VL53L0X_Dev_t*, unsigned char*, VL53L0X_DeviceInfo_t*)
 .text.VL53L0X_get_device_info
                0x00000000080078d0      0x108 ./Drivers/VL53L0X/core/src/vl53l0x_api_strings.o
                0x00000000080078d0                VL53L0X_get_device_info
 .text._Z19VL53L0X_write_multihhPhmP17I2C_HandleTypeDef
                0x00000000080079d8       0x4c ./Drivers/VL53L0X/platform/src/vl53l0x_i2c_comms.o
                0x00000000080079d8                VL53L0X_write_multi(unsigned char, unsigned char, unsigned char*, unsigned long, I2C_HandleTypeDef*)
 .text._Z18VL53L0X_read_multihhPhmP17I2C_HandleTypeDef
                0x0000000008007a24       0x60 ./Drivers/VL53L0X/platform/src/vl53l0x_i2c_comms.o
                0x0000000008007a24                VL53L0X_read_multi(unsigned char, unsigned char, unsigned char*, unsigned long, I2C_HandleTypeDef*)
 .text._Z18VL53L0X_write_bytehhhP17I2C_HandleTypeDef
                0x0000000008007a84       0x3c ./Drivers/VL53L0X/platform/src/vl53l0x_i2c_comms.o
                0x0000000008007a84                VL53L0X_write_byte(unsigned char, unsigned char, unsigned char, I2C_HandleTypeDef*)
 .text._Z18VL53L0X_write_wordhhtP17I2C_HandleTypeDef
                0x0000000008007ac0       0x48 ./Drivers/VL53L0X/platform/src/vl53l0x_i2c_comms.o
                0x0000000008007ac0                VL53L0X_write_word(unsigned char, unsigned char, unsigned short, I2C_HandleTypeDef*)
 .text._Z17VL53L0X_read_bytehhPhP17I2C_HandleTypeDef
                0x0000000008007b08       0x5e ./Drivers/VL53L0X/platform/src/vl53l0x_i2c_comms.o
                0x0000000008007b08                VL53L0X_read_byte(unsigned char, unsigned char, unsigned char*, I2C_HandleTypeDef*)
 .text._Z17VL53L0X_read_wordhhPtP17I2C_HandleTypeDef
                0x0000000008007b66       0x84 ./Drivers/VL53L0X/platform/src/vl53l0x_i2c_comms.o
                0x0000000008007b66                VL53L0X_read_word(unsigned char, unsigned char, unsigned short*, I2C_HandleTypeDef*)
 .text._Z18VL53L0X_read_dwordhhPmP17I2C_HandleTypeDef
                0x0000000008007bea       0xa4 ./Drivers/VL53L0X/platform/src/vl53l0x_i2c_comms.o
                0x0000000008007bea                VL53L0X_read_dword(unsigned char, unsigned char, unsigned long*, I2C_HandleTypeDef*)
 .text.VL53L0X_WriteMulti
                0x0000000008007c8e       0x56 ./Drivers/VL53L0X/platform/src/vl53l0x_platform.o
                0x0000000008007c8e                VL53L0X_WriteMulti
 .text.VL53L0X_ReadMulti
                0x0000000008007ce4       0x52 ./Drivers/VL53L0X/platform/src/vl53l0x_platform.o
                0x0000000008007ce4                VL53L0X_ReadMulti
 .text.VL53L0X_WrByte
                0x0000000008007d36       0x44 ./Drivers/VL53L0X/platform/src/vl53l0x_platform.o
                0x0000000008007d36                VL53L0X_WrByte
 .text.VL53L0X_WrWord
                0x0000000008007d7a       0x44 ./Drivers/VL53L0X/platform/src/vl53l0x_platform.o
                0x0000000008007d7a                VL53L0X_WrWord
 .text.VL53L0X_UpdateByte
                0x0000000008007dbe       0x84 ./Drivers/VL53L0X/platform/src/vl53l0x_platform.o
                0x0000000008007dbe                VL53L0X_UpdateByte
 .text.VL53L0X_RdByte
                0x0000000008007e42       0x42 ./Drivers/VL53L0X/platform/src/vl53l0x_platform.o
                0x0000000008007e42                VL53L0X_RdByte
 .text.VL53L0X_RdWord
                0x0000000008007e84       0x42 ./Drivers/VL53L0X/platform/src/vl53l0x_platform.o
                0x0000000008007e84                VL53L0X_RdWord
 .text.VL53L0X_RdDWord
                0x0000000008007ec6       0x42 ./Drivers/VL53L0X/platform/src/vl53l0x_platform.o
                0x0000000008007ec6                VL53L0X_RdDWord
 .text.VL53L0X_PollingDelay
                0x0000000008007f08       0x3a ./Drivers/VL53L0X/platform/src/vl53l0x_platform.o
                0x0000000008007f08                VL53L0X_PollingDelay
 *fill*         0x0000000008007f42        0x2 
 .text.__errno  0x0000000008007f44        0xc c:/st/stm32cubeide_1.9.0/stm32cubeide/plugins/com.st.stm32cube.ide.mcu.externaltools.gnu-tools-for-stm32.10.3-2021.10.win32_1.0.0.202111181127/tools/bin/../lib/gcc/arm-none-eabi/10.3.1/../../../../arm-none-eabi/lib/thumb/v7e-m+fp/hard\libc_nano.a(lib_a-errno.o)
                0x0000000008007f44                __errno
 .text.__libc_init_array
                0x0000000008007f50       0x48 c:/st/stm32cubeide_1.9.0/stm32cubeide/plugins/com.st.stm32cube.ide.mcu.externaltools.gnu-tools-for-stm32.10.3-2021.10.win32_1.0.0.202111181127/tools/bin/../lib/gcc/arm-none-eabi/10.3.1/../../../../arm-none-eabi/lib/thumb/v7e-m+fp/hard\libc_nano.a(lib_a-init.o)
                0x0000000008007f50                __libc_init_array
 .text.memcpy   0x0000000008007f98       0x1c c:/st/stm32cubeide_1.9.0/stm32cubeide/plugins/com.st.stm32cube.ide.mcu.externaltools.gnu-tools-for-stm32.10.3-2021.10.win32_1.0.0.202111181127/tools/bin/../lib/gcc/arm-none-eabi/10.3.1/../../../../arm-none-eabi/lib/thumb/v7e-m+fp/hard\libc_nano.a(lib_a-memcpy-stub.o)
                0x0000000008007f98                memcpy
 .text.memset   0x0000000008007fb4       0x10 c:/st/stm32cubeide_1.9.0/stm32cubeide/plugins/com.st.stm32cube.ide.mcu.externaltools.gnu-tools-for-stm32.10.3-2021.10.win32_1.0.0.202111181127/tools/bin/../lib/gcc/arm-none-eabi/10.3.1/../../../../arm-none-eabi/lib/thumb/v7e-m+fp/hard\libc_nano.a(lib_a-memset.o)
                0x0000000008007fb4                memset
 .text.sprintf  0x0000000008007fc4       0x40 c:/st/stm32cubeide_1.9.0/stm32cubeide/plugins/com.st.stm32cube.ide.mcu.externaltools.gnu-tools-for-stm32.10.3-2021.10.win32_1.0.0.202111181127/tools/bin/../lib/gcc/arm-none-eabi/10.3.1/../../../../arm-none-eabi/lib/thumb/v7e-m+fp/hard\libc_nano.a(lib_a-sprintf.o)
                0x0000000008007fc4                siprintf
                0x0000000008007fc4                sprintf
 .text.strcpy   0x0000000008008004       0x10 c:/st/stm32cubeide_1.9.0/stm32cubeide/plugins/com.st.stm32cube.ide.mcu.externaltools.gnu-tools-for-stm32.10.3-2021.10.win32_1.0.0.202111181127/tools/bin/../lib/gcc/arm-none-eabi/10.3.1/../../../../arm-none-eabi/lib/thumb/v7e-m+fp/hard\libc_nano.a(lib_a-strcpy.o)
                0x0000000008008004                strcpy
 .text.__ssputs_r
                0x0000000008008014       0xb6 c:/st/stm32cubeide_1.9.0/stm32cubeide/plugins/com.st.stm32cube.ide.mcu.externaltools.gnu-tools-for-stm32.10.3-2021.10.win32_1.0.0.202111181127/tools/bin/../lib/gcc/arm-none-eabi/10.3.1/../../../../arm-none-eabi/lib/thumb/v7e-m+fp/hard\libc_nano.a(lib_a-nano-svfprintf.o)
                0x0000000008008014                __ssputs_r
 *fill*         0x00000000080080ca        0x2 
 .text._svfprintf_r
                0x00000000080080cc      0x200 c:/st/stm32cubeide_1.9.0/stm32cubeide/plugins/com.st.stm32cube.ide.mcu.externaltools.gnu-tools-for-stm32.10.3-2021.10.win32_1.0.0.202111181127/tools/bin/../lib/gcc/arm-none-eabi/10.3.1/../../../../arm-none-eabi/lib/thumb/v7e-m+fp/hard\libc_nano.a(lib_a-nano-svfprintf.o)
                0x00000000080080cc                _svfiprintf_r
                0x00000000080080cc                _svfprintf_r
 .text._printf_common
                0x00000000080082cc       0xda c:/st/stm32cubeide_1.9.0/stm32cubeide/plugins/com.st.stm32cube.ide.mcu.externaltools.gnu-tools-for-stm32.10.3-2021.10.win32_1.0.0.202111181127/tools/bin/../lib/gcc/arm-none-eabi/10.3.1/../../../../arm-none-eabi/lib/thumb/v7e-m+fp/hard\libc_nano.a(lib_a-nano-vfprintf_i.o)
                0x00000000080082cc                _printf_common
 *fill*         0x00000000080083a6        0x2 
 .text._printf_i
                0x00000000080083a8      0x24c c:/st/stm32cubeide_1.9.0/stm32cubeide/plugins/com.st.stm32cube.ide.mcu.externaltools.gnu-tools-for-stm32.10.3-2021.10.win32_1.0.0.202111181127/tools/bin/../lib/gcc/arm-none-eabi/10.3.1/../../../../arm-none-eabi/lib/thumb/v7e-m+fp/hard\libc_nano.a(lib_a-nano-vfprintf_i.o)
                0x00000000080083a8                _printf_i
 .text.memmove  0x00000000080085f4       0x34 c:/st/stm32cubeide_1.9.0/stm32cubeide/plugins/com.st.stm32cube.ide.mcu.externaltools.gnu-tools-for-stm32.10.3-2021.10.win32_1.0.0.202111181127/tools/bin/../lib/gcc/arm-none-eabi/10.3.1/../../../../arm-none-eabi/lib/thumb/v7e-m+fp/hard\libc_nano.a(lib_a-memmove.o)
                0x00000000080085f4                memmove
 .text._free_r  0x0000000008008628       0x98 c:/st/stm32cubeide_1.9.0/stm32cubeide/plugins/com.st.stm32cube.ide.mcu.externaltools.gnu-tools-for-stm32.10.3-2021.10.win32_1.0.0.202111181127/tools/bin/../lib/gcc/arm-none-eabi/10.3.1/../../../../arm-none-eabi/lib/thumb/v7e-m+fp/hard\libc_nano.a(lib_a-nano-freer.o)
                0x0000000008008628                _free_r
 .text.sbrk_aligned
                0x00000000080086c0       0x40 c:/st/stm32cubeide_1.9.0/stm32cubeide/plugins/com.st.stm32cube.ide.mcu.externaltools.gnu-tools-for-stm32.10.3-2021.10.win32_1.0.0.202111181127/tools/bin/../lib/gcc/arm-none-eabi/10.3.1/../../../../arm-none-eabi/lib/thumb/v7e-m+fp/hard\libc_nano.a(lib_a-nano-mallocr.o)
 .text._malloc_r
                0x0000000008008700       0xe8 c:/st/stm32cubeide_1.9.0/stm32cubeide/plugins/com.st.stm32cube.ide.mcu.externaltools.gnu-tools-for-stm32.10.3-2021.10.win32_1.0.0.202111181127/tools/bin/../lib/gcc/arm-none-eabi/10.3.1/../../../../arm-none-eabi/lib/thumb/v7e-m+fp/hard\libc_nano.a(lib_a-nano-mallocr.o)
                0x0000000008008700                _malloc_r
 .text._realloc_r
                0x00000000080087e8       0x5e c:/st/stm32cubeide_1.9.0/stm32cubeide/plugins/com.st.stm32cube.ide.mcu.externaltools.gnu-tools-for-stm32.10.3-2021.10.win32_1.0.0.202111181127/tools/bin/../lib/gcc/arm-none-eabi/10.3.1/../../../../arm-none-eabi/lib/thumb/v7e-m+fp/hard\libc_nano.a(lib_a-nano-reallocr.o)
                0x00000000080087e8                _realloc_r
 *fill*         0x0000000008008846        0x2 
 .text._sbrk_r  0x0000000008008848       0x20 c:/st/stm32cubeide_1.9.0/stm32cubeide/plugins/com.st.stm32cube.ide.mcu.externaltools.gnu-tools-for-stm32.10.3-2021.10.win32_1.0.0.202111181127/tools/bin/../lib/gcc/arm-none-eabi/10.3.1/../../../../arm-none-eabi/lib/thumb/v7e-m+fp/hard\libc_nano.a(lib_a-sbrkr.o)
                0x0000000008008848                _sbrk_r
 .text.__malloc_lock
                0x0000000008008868        0xc c:/st/stm32cubeide_1.9.0/stm32cubeide/plugins/com.st.stm32cube.ide.mcu.externaltools.gnu-tools-for-stm32.10.3-2021.10.win32_1.0.0.202111181127/tools/bin/../lib/gcc/arm-none-eabi/10.3.1/../../../../arm-none-eabi/lib/thumb/v7e-m+fp/hard\libc_nano.a(lib_a-mlock.o)
                0x0000000008008868                __malloc_lock
 .text.__malloc_unlock
                0x0000000008008874        0xc c:/st/stm32cubeide_1.9.0/stm32cubeide/plugins/com.st.stm32cube.ide.mcu.externaltools.gnu-tools-for-stm32.10.3-2021.10.win32_1.0.0.202111181127/tools/bin/../lib/gcc/arm-none-eabi/10.3.1/../../../../arm-none-eabi/lib/thumb/v7e-m+fp/hard\libc_nano.a(lib_a-mlock.o)
                0x0000000008008874                __malloc_unlock
 .text._malloc_usable_size_r
                0x0000000008008880       0x10 c:/st/stm32cubeide_1.9.0/stm32cubeide/plugins/com.st.stm32cube.ide.mcu.externaltools.gnu-tools-for-stm32.10.3-2021.10.win32_1.0.0.202111181127/tools/bin/../lib/gcc/arm-none-eabi/10.3.1/../../../../arm-none-eabi/lib/thumb/v7e-m+fp/hard\libc_nano.a(lib_a-nano-msizer.o)
                0x0000000008008880                _malloc_usable_size_r
 .text.__retarget_lock_acquire_recursive
                0x0000000008008890        0x2 c:/st/stm32cubeide_1.9.0/stm32cubeide/plugins/com.st.stm32cube.ide.mcu.externaltools.gnu-tools-for-stm32.10.3-2021.10.win32_1.0.0.202111181127/tools/bin/../lib/gcc/arm-none-eabi/10.3.1/../../../../arm-none-eabi/lib/thumb/v7e-m+fp/hard\libc_nano.a(lib_a-lock.o)
                0x0000000008008890                __retarget_lock_acquire_recursive
 .text.__retarget_lock_release_recursive
                0x0000000008008892        0x2 c:/st/stm32cubeide_1.9.0/stm32cubeide/plugins/com.st.stm32cube.ide.mcu.externaltools.gnu-tools-for-stm32.10.3-2021.10.win32_1.0.0.202111181127/tools/bin/../lib/gcc/arm-none-eabi/10.3.1/../../../../arm-none-eabi/lib/thumb/v7e-m+fp/hard\libc_nano.a(lib_a-lock.o)
                0x0000000008008892                __retarget_lock_release_recursive
 *(.glue_7)
 .glue_7        0x0000000008008894        0x0 linker stubs
 *(.glue_7t)
 .glue_7t       0x0000000008008894        0x0 linker stubs
 *(.eh_frame)
 .eh_frame      0x0000000008008894        0x0 c:/st/stm32cubeide_1.9.0/stm32cubeide/plugins/com.st.stm32cube.ide.mcu.externaltools.gnu-tools-for-stm32.10.3-2021.10.win32_1.0.0.202111181127/tools/bin/../lib/gcc/arm-none-eabi/10.3.1/thumb/v7e-m+fp/hard/crtbegin.o
 *(.init)
 .init          0x0000000008008894        0x4 c:/st/stm32cubeide_1.9.0/stm32cubeide/plugins/com.st.stm32cube.ide.mcu.externaltools.gnu-tools-for-stm32.10.3-2021.10.win32_1.0.0.202111181127/tools/bin/../lib/gcc/arm-none-eabi/10.3.1/thumb/v7e-m+fp/hard/crti.o
                0x0000000008008894                _init
 .init          0x0000000008008898        0x8 c:/st/stm32cubeide_1.9.0/stm32cubeide/plugins/com.st.stm32cube.ide.mcu.externaltools.gnu-tools-for-stm32.10.3-2021.10.win32_1.0.0.202111181127/tools/bin/../lib/gcc/arm-none-eabi/10.3.1/thumb/v7e-m+fp/hard/crtn.o
 *(.fini)
 .fini          0x00000000080088a0        0x4 c:/st/stm32cubeide_1.9.0/stm32cubeide/plugins/com.st.stm32cube.ide.mcu.externaltools.gnu-tools-for-stm32.10.3-2021.10.win32_1.0.0.202111181127/tools/bin/../lib/gcc/arm-none-eabi/10.3.1/thumb/v7e-m+fp/hard/crti.o
                0x00000000080088a0                _fini
 .fini          0x00000000080088a4        0x8 c:/st/stm32cubeide_1.9.0/stm32cubeide/plugins/com.st.stm32cube.ide.mcu.externaltools.gnu-tools-for-stm32.10.3-2021.10.win32_1.0.0.202111181127/tools/bin/../lib/gcc/arm-none-eabi/10.3.1/thumb/v7e-m+fp/hard/crtn.o
                0x00000000080088ac                . = ALIGN (0x4)
                0x00000000080088ac                _etext = .

.vfp11_veneer   0x00000000080088ac        0x0
 .vfp11_veneer  0x00000000080088ac        0x0 linker stubs

.v4_bx          0x00000000080088ac        0x0
 .v4_bx         0x00000000080088ac        0x0 linker stubs

.iplt           0x00000000080088ac        0x0
 .iplt          0x00000000080088ac        0x0 c:/st/stm32cubeide_1.9.0/stm32cubeide/plugins/com.st.stm32cube.ide.mcu.externaltools.gnu-tools-for-stm32.10.3-2021.10.win32_1.0.0.202111181127/tools/bin/../lib/gcc/arm-none-eabi/10.3.1/thumb/v7e-m+fp/hard/crtbegin.o

.rodata         0x00000000080088ac      0x574
                0x00000000080088ac                . = ALIGN (0x4)
 *(.rodata)
 .rodata        0x00000000080088ac       0x6f ./Core/Src/lidar.o
 *fill*         0x000000000800891b        0x1 
 .rodata        0x000000000800891c       0x13 ./Core/Src/main.o
 *fill*         0x000000000800892f        0x1 
 .rodata        0x0000000008008930      0x4a2 ./Drivers/VL53L0X/core/src/vl53l0x_api_strings.o
 *(.rodata*)
 *fill*         0x0000000008008dd2        0x2 
 .rodata.AHBPrescTable
                0x0000000008008dd4       0x10 ./Core/Src/system_stm32f4xx.o
                0x0000000008008dd4                AHBPrescTable
 .rodata.APBPrescTable
                0x0000000008008de4        0x8 ./Core/Src/system_stm32f4xx.o
                0x0000000008008de4                APBPrescTable
 .rodata._svfprintf_r.str1.1
                0x0000000008008dec       0x11 c:/st/stm32cubeide_1.9.0/stm32cubeide/plugins/com.st.stm32cube.ide.mcu.externaltools.gnu-tools-for-stm32.10.3-2021.10.win32_1.0.0.202111181127/tools/bin/../lib/gcc/arm-none-eabi/10.3.1/../../../../arm-none-eabi/lib/thumb/v7e-m+fp/hard\libc_nano.a(lib_a-nano-svfprintf.o)
 .rodata._printf_i.str1.1
                0x0000000008008dfd       0x22 c:/st/stm32cubeide_1.9.0/stm32cubeide/plugins/com.st.stm32cube.ide.mcu.externaltools.gnu-tools-for-stm32.10.3-2021.10.win32_1.0.0.202111181127/tools/bin/../lib/gcc/arm-none-eabi/10.3.1/../../../../arm-none-eabi/lib/thumb/v7e-m+fp/hard\libc_nano.a(lib_a-nano-vfprintf_i.o)
                0x0000000008008e20                . = ALIGN (0x4)
 *fill*         0x0000000008008e1f        0x1 

.ARM.extab      0x0000000008008e20        0x0
                0x0000000008008e20                . = ALIGN (0x4)
 *(.ARM.extab* .gnu.linkonce.armextab.*)
                0x0000000008008e20                . = ALIGN (0x4)

.ARM            0x0000000008008e20        0x8
                0x0000000008008e20                . = ALIGN (0x4)
                0x0000000008008e20                __exidx_start = .
 *(.ARM.exidx*)
 .ARM.exidx     0x0000000008008e20        0x8 c:/st/stm32cubeide_1.9.0/stm32cubeide/plugins/com.st.stm32cube.ide.mcu.externaltools.gnu-tools-for-stm32.10.3-2021.10.win32_1.0.0.202111181127/tools/bin/../lib/gcc/arm-none-eabi/10.3.1/thumb/v7e-m+fp/hard\libgcc.a(_udivmoddi4.o)
                0x0000000008008e28                __exidx_end = .
                0x0000000008008e28                . = ALIGN (0x4)

.rel.dyn        0x0000000008008e28        0x0
 .rel.iplt      0x0000000008008e28        0x0 c:/st/stm32cubeide_1.9.0/stm32cubeide/plugins/com.st.stm32cube.ide.mcu.externaltools.gnu-tools-for-stm32.10.3-2021.10.win32_1.0.0.202111181127/tools/bin/../lib/gcc/arm-none-eabi/10.3.1/thumb/v7e-m+fp/hard/crtbegin.o

.preinit_array  0x0000000008008e28        0x0
                0x0000000008008e28                . = ALIGN (0x4)
                0x0000000008008e28                PROVIDE (__preinit_array_start = .)
 *(.preinit_array*)
                0x0000000008008e28                PROVIDE (__preinit_array_end = .)
                0x0000000008008e28                . = ALIGN (0x4)

.init_array     0x0000000008008e28        0x4
                0x0000000008008e28                . = ALIGN (0x4)
                0x0000000008008e28                PROVIDE (__init_array_start = .)
 *(SORT_BY_NAME(.init_array.*))
 *(.init_array*)
 .init_array    0x0000000008008e28        0x4 c:/st/stm32cubeide_1.9.0/stm32cubeide/plugins/com.st.stm32cube.ide.mcu.externaltools.gnu-tools-for-stm32.10.3-2021.10.win32_1.0.0.202111181127/tools/bin/../lib/gcc/arm-none-eabi/10.3.1/thumb/v7e-m+fp/hard/crtbegin.o
                0x0000000008008e2c                PROVIDE (__init_array_end = .)
                0x0000000008008e2c                . = ALIGN (0x4)

.fini_array     0x0000000008008e2c        0x4
                0x0000000008008e2c                . = ALIGN (0x4)
                [!provide]                        PROVIDE (__fini_array_start = .)
 *(SORT_BY_NAME(.fini_array.*))
 *(.fini_array*)
 .fini_array    0x0000000008008e2c        0x4 c:/st/stm32cubeide_1.9.0/stm32cubeide/plugins/com.st.stm32cube.ide.mcu.externaltools.gnu-tools-for-stm32.10.3-2021.10.win32_1.0.0.202111181127/tools/bin/../lib/gcc/arm-none-eabi/10.3.1/thumb/v7e-m+fp/hard/crtbegin.o
                [!provide]                        PROVIDE (__fini_array_end = .)
                0x0000000008008e30                . = ALIGN (0x4)
                0x0000000008008e30                _sidata = LOADADDR (.data)

.data           0x0000000020000000      0x330 load address 0x0000000008008e30
                0x0000000020000000                . = ALIGN (0x4)
                0x0000000020000000                _sdata = .
 *(.data)
 *(.data*)
 .data.lidar1   0x0000000020000000        0x4 ./Core/Src/main.o
                0x0000000020000000                lidar1
 .data.SystemCoreClock
                0x0000000020000004        0x4 ./Core/Src/system_stm32f4xx.o
                0x0000000020000004                SystemCoreClock
 .data.uwTickPrio
                0x0000000020000008        0x4 ./Drivers/STM32F4xx_HAL_Driver/Src/stm32f4xx_hal.o
                0x0000000020000008                uwTickPrio
 .data.uwTickFreq
                0x000000002000000c        0x1 ./Drivers/STM32F4xx_HAL_Driver/Src/stm32f4xx_hal.o
                0x000000002000000c                uwTickFreq
 *fill*         0x000000002000000d        0x3 
 .data.InterruptThresholdSettings
                0x0000000020000010      0x1b6 ./Drivers/VL53L0X/core/src/vl53l0x_api.o
                0x0000000020000010                InterruptThresholdSettings
 *fill*         0x00000000200001c6        0x2 
 .data.DefaultTuningSettings
                0x00000000200001c8       0xf3 ./Drivers/VL53L0X/core/src/vl53l0x_api.o
                0x00000000200001c8                DefaultTuningSettings
 *fill*         0x00000000200002bb        0x1 
 .data.refArrayQuadrants
                0x00000000200002bc       0x10 ./Drivers/VL53L0X/core/src/vl53l0x_api_calibration.o
                0x00000000200002bc                refArrayQuadrants
 .data._impure_ptr
                0x00000000200002cc        0x4 c:/st/stm32cubeide_1.9.0/stm32cubeide/plugins/com.st.stm32cube.ide.mcu.externaltools.gnu-tools-for-stm32.10.3-2021.10.win32_1.0.0.202111181127/tools/bin/../lib/gcc/arm-none-eabi/10.3.1/../../../../arm-none-eabi/lib/thumb/v7e-m+fp/hard\libc_nano.a(lib_a-impure.o)
                0x00000000200002cc                _impure_ptr
 .data.impure_data
                0x00000000200002d0       0x60 c:/st/stm32cubeide_1.9.0/stm32cubeide/plugins/com.st.stm32cube.ide.mcu.externaltools.gnu-tools-for-stm32.10.3-2021.10.win32_1.0.0.202111181127/tools/bin/../lib/gcc/arm-none-eabi/10.3.1/../../../../arm-none-eabi/lib/thumb/v7e-m+fp/hard\libc_nano.a(lib_a-impure.o)
 *(.RamFunc)
 *(.RamFunc*)
                0x0000000020000330                . = ALIGN (0x4)
                0x0000000020000330                _edata = .

.igot.plt       0x0000000020000330        0x0 load address 0x0000000008009160
 .igot.plt      0x0000000020000330        0x0 c:/st/stm32cubeide_1.9.0/stm32cubeide/plugins/com.st.stm32cube.ide.mcu.externaltools.gnu-tools-for-stm32.10.3-2021.10.win32_1.0.0.202111181127/tools/bin/../lib/gcc/arm-none-eabi/10.3.1/thumb/v7e-m+fp/hard/crtbegin.o
                0x0000000020000330                . = ALIGN (0x4)

.bss            0x0000000020000330      0x230 load address 0x0000000008009160
                0x0000000020000330                _sbss = .
                0x0000000020000330                __bss_start__ = _sbss
 *(.bss)
 .bss           0x0000000020000330       0x1c c:/st/stm32cubeide_1.9.0/stm32cubeide/plugins/com.st.stm32cube.ide.mcu.externaltools.gnu-tools-for-stm32.10.3-2021.10.win32_1.0.0.202111181127/tools/bin/../lib/gcc/arm-none-eabi/10.3.1/thumb/v7e-m+fp/hard/crtbegin.o
 *(.bss*)
 .bss.hi2c2     0x000000002000034c       0x54 ./Core/Src/main.o
                0x000000002000034c                hi2c2
 .bss.huart1    0x00000000200003a0       0x44 ./Core/Src/main.o
                0x00000000200003a0                huart1
 .bss.lidar1_dev
                0x00000000200003e4      0x164 ./Core/Src/main.o
                0x00000000200003e4                lidar1_dev
 .bss.__sbrk_heap_end
                0x0000000020000548        0x4 ./Core/Src/sysmem.o
 .bss.uwTick    0x000000002000054c        0x4 ./Drivers/STM32F4xx_HAL_Driver/Src/stm32f4xx_hal.o
                0x000000002000054c                uwTick
 .bss.__malloc_free_list
                0x0000000020000550        0x4 c:/st/stm32cubeide_1.9.0/stm32cubeide/plugins/com.st.stm32cube.ide.mcu.externaltools.gnu-tools-for-stm32.10.3-2021.10.win32_1.0.0.202111181127/tools/bin/../lib/gcc/arm-none-eabi/10.3.1/../../../../arm-none-eabi/lib/thumb/v7e-m+fp/hard\libc_nano.a(lib_a-nano-mallocr.o)
                0x0000000020000550                __malloc_free_list
 .bss.__malloc_sbrk_start
                0x0000000020000554        0x4 c:/st/stm32cubeide_1.9.0/stm32cubeide/plugins/com.st.stm32cube.ide.mcu.externaltools.gnu-tools-for-stm32.10.3-2021.10.win32_1.0.0.202111181127/tools/bin/../lib/gcc/arm-none-eabi/10.3.1/../../../../arm-none-eabi/lib/thumb/v7e-m+fp/hard\libc_nano.a(lib_a-nano-mallocr.o)
                0x0000000020000554                __malloc_sbrk_start
 .bss.errno     0x0000000020000558        0x4 c:/st/stm32cubeide_1.9.0/stm32cubeide/plugins/com.st.stm32cube.ide.mcu.externaltools.gnu-tools-for-stm32.10.3-2021.10.win32_1.0.0.202111181127/tools/bin/../lib/gcc/arm-none-eabi/10.3.1/../../../../arm-none-eabi/lib/thumb/v7e-m+fp/hard\libc_nano.a(lib_a-reent.o)
                0x0000000020000558                errno
 .bss.__lock___malloc_recursive_mutex
                0x000000002000055c        0x1 c:/st/stm32cubeide_1.9.0/stm32cubeide/plugins/com.st.stm32cube.ide.mcu.externaltools.gnu-tools-for-stm32.10.3-2021.10.win32_1.0.0.202111181127/tools/bin/../lib/gcc/arm-none-eabi/10.3.1/../../../../arm-none-eabi/lib/thumb/v7e-m+fp/hard\libc_nano.a(lib_a-lock.o)
                0x000000002000055c                __lock___malloc_recursive_mutex
 *(COMMON)
                0x0000000020000560                . = ALIGN (0x4)
 *fill*         0x000000002000055d        0x3 
                0x0000000020000560                _ebss = .
                0x0000000020000560                __bss_end__ = _ebss

._user_heap_stack
                0x0000000020000560      0x600 load address 0x0000000008009160
                0x0000000020000560                . = ALIGN (0x8)
                [!provide]                        PROVIDE (end = .)
                0x0000000020000560                PROVIDE (_end = .)
                0x0000000020000760                . = (. + _Min_Heap_Size)
 *fill*         0x0000000020000560      0x200 
                0x0000000020000b60                . = (. + _Min_Stack_Size)
 *fill*         0x0000000020000760      0x400 
                0x0000000020000b60                . = ALIGN (0x8)

/DISCARD/
 libc.a(*)
 libm.a(*)
 libgcc.a(*)

.ARM.attributes
                0x0000000000000000       0x30
 *(.ARM.attributes)
 .ARM.attributes
                0x0000000000000000       0x1e c:/st/stm32cubeide_1.9.0/stm32cubeide/plugins/com.st.stm32cube.ide.mcu.externaltools.gnu-tools-for-stm32.10.3-2021.10.win32_1.0.0.202111181127/tools/bin/../lib/gcc/arm-none-eabi/10.3.1/thumb/v7e-m+fp/hard/crti.o
 .ARM.attributes
                0x000000000000001e       0x34 c:/st/stm32cubeide_1.9.0/stm32cubeide/plugins/com.st.stm32cube.ide.mcu.externaltools.gnu-tools-for-stm32.10.3-2021.10.win32_1.0.0.202111181127/tools/bin/../lib/gcc/arm-none-eabi/10.3.1/thumb/v7e-m+fp/hard/crtbegin.o
 .ARM.attributes
                0x0000000000000052       0x34 ./Core/Src/lidar.o
 .ARM.attributes
                0x0000000000000086       0x34 ./Core/Src/main.o
 .ARM.attributes
                0x00000000000000ba       0x34 ./Core/Src/stm32f4xx_hal_msp.o
 .ARM.attributes
                0x00000000000000ee       0x34 ./Core/Src/stm32f4xx_it.o
 .ARM.attributes
                0x0000000000000122       0x34 ./Core/Src/sysmem.o
 .ARM.attributes
                0x0000000000000156       0x34 ./Core/Src/system_stm32f4xx.o
 .ARM.attributes
                0x000000000000018a       0x21 ./Core/Startup/startup_stm32f411ceux.o
 .ARM.attributes
                0x00000000000001ab       0x34 ./Drivers/STM32F4xx_HAL_Driver/Src/stm32f4xx_hal.o
 .ARM.attributes
                0x00000000000001df       0x34 ./Drivers/STM32F4xx_HAL_Driver/Src/stm32f4xx_hal_cortex.o
 .ARM.attributes
                0x0000000000000213       0x34 ./Drivers/STM32F4xx_HAL_Driver/Src/stm32f4xx_hal_gpio.o
 .ARM.attributes
                0x0000000000000247       0x34 ./Drivers/STM32F4xx_HAL_Driver/Src/stm32f4xx_hal_i2c.o
 .ARM.attributes
                0x000000000000027b       0x34 ./Drivers/STM32F4xx_HAL_Driver/Src/stm32f4xx_hal_rcc.o
 .ARM.attributes
                0x00000000000002af       0x34 ./Drivers/STM32F4xx_HAL_Driver/Src/stm32f4xx_hal_uart.o
 .ARM.attributes
                0x00000000000002e3       0x34 ./Drivers/VL53L0X/core/src/vl53l0x_api.o
 .ARM.attributes
                0x0000000000000317       0x34 ./Drivers/VL53L0X/core/src/vl53l0x_api_calibration.o
 .ARM.attributes
                0x000000000000034b       0x34 ./Drivers/VL53L0X/core/src/vl53l0x_api_core.o
 .ARM.attributes
                0x000000000000037f       0x34 ./Drivers/VL53L0X/core/src/vl53l0x_api_strings.o
 .ARM.attributes
                0x00000000000003b3       0x34 ./Drivers/VL53L0X/platform/src/vl53l0x_i2c_comms.o
 .ARM.attributes
                0x00000000000003e7       0x34 ./Drivers/VL53L0X/platform/src/vl53l0x_platform.o
 .ARM.attributes
                0x000000000000041b       0x34 c:/st/stm32cubeide_1.9.0/stm32cubeide/plugins/com.st.stm32cube.ide.mcu.externaltools.gnu-tools-for-stm32.10.3-2021.10.win32_1.0.0.202111181127/tools/bin/../lib/gcc/arm-none-eabi/10.3.1/../../../../arm-none-eabi/lib/thumb/v7e-m+fp/hard\libc_nano.a(lib_a-errno.o)
 .ARM.attributes
                0x000000000000044f       0x34 c:/st/stm32cubeide_1.9.0/stm32cubeide/plugins/com.st.stm32cube.ide.mcu.externaltools.gnu-tools-for-stm32.10.3-2021.10.win32_1.0.0.202111181127/tools/bin/../lib/gcc/arm-none-eabi/10.3.1/../../../../arm-none-eabi/lib/thumb/v7e-m+fp/hard\libc_nano.a(lib_a-impure.o)
 .ARM.attributes
                0x0000000000000483       0x34 c:/st/stm32cubeide_1.9.0/stm32cubeide/plugins/com.st.stm32cube.ide.mcu.externaltools.gnu-tools-for-stm32.10.3-2021.10.win32_1.0.0.202111181127/tools/bin/../lib/gcc/arm-none-eabi/10.3.1/../../../../arm-none-eabi/lib/thumb/v7e-m+fp/hard\libc_nano.a(lib_a-init.o)
 .ARM.attributes
                0x00000000000004b7       0x34 c:/st/stm32cubeide_1.9.0/stm32cubeide/plugins/com.st.stm32cube.ide.mcu.externaltools.gnu-tools-for-stm32.10.3-2021.10.win32_1.0.0.202111181127/tools/bin/../lib/gcc/arm-none-eabi/10.3.1/../../../../arm-none-eabi/lib/thumb/v7e-m+fp/hard\libc_nano.a(lib_a-memcpy-stub.o)
 .ARM.attributes
                0x00000000000004eb       0x34 c:/st/stm32cubeide_1.9.0/stm32cubeide/plugins/com.st.stm32cube.ide.mcu.externaltools.gnu-tools-for-stm32.10.3-2021.10.win32_1.0.0.202111181127/tools/bin/../lib/gcc/arm-none-eabi/10.3.1/../../../../arm-none-eabi/lib/thumb/v7e-m+fp/hard\libc_nano.a(lib_a-memset.o)
 .ARM.attributes
                0x000000000000051f       0x34 c:/st/stm32cubeide_1.9.0/stm32cubeide/plugins/com.st.stm32cube.ide.mcu.externaltools.gnu-tools-for-stm32.10.3-2021.10.win32_1.0.0.202111181127/tools/bin/../lib/gcc/arm-none-eabi/10.3.1/../../../../arm-none-eabi/lib/thumb/v7e-m+fp/hard\libc_nano.a(lib_a-sprintf.o)
 .ARM.attributes
                0x0000000000000553       0x34 c:/st/stm32cubeide_1.9.0/stm32cubeide/plugins/com.st.stm32cube.ide.mcu.externaltools.gnu-tools-for-stm32.10.3-2021.10.win32_1.0.0.202111181127/tools/bin/../lib/gcc/arm-none-eabi/10.3.1/../../../../arm-none-eabi/lib/thumb/v7e-m+fp/hard\libc_nano.a(lib_a-strcpy.o)
 .ARM.attributes
                0x0000000000000587       0x17 c:/st/stm32cubeide_1.9.0/stm32cubeide/plugins/com.st.stm32cube.ide.mcu.externaltools.gnu-tools-for-stm32.10.3-2021.10.win32_1.0.0.202111181127/tools/bin/../lib/gcc/arm-none-eabi/10.3.1/../../../../arm-none-eabi/lib/thumb/v7e-m+fp/hard\libc_nano.a(lib_a-strlen.o)
 .ARM.attributes
                0x000000000000059e       0x34 c:/st/stm32cubeide_1.9.0/stm32cubeide/plugins/com.st.stm32cube.ide.mcu.externaltools.gnu-tools-for-stm32.10.3-2021.10.win32_1.0.0.202111181127/tools/bin/../lib/gcc/arm-none-eabi/10.3.1/../../../../arm-none-eabi/lib/thumb/v7e-m+fp/hard\libc_nano.a(lib_a-nano-svfprintf.o)
 .ARM.attributes
                0x00000000000005d2       0x34 c:/st/stm32cubeide_1.9.0/stm32cubeide/plugins/com.st.stm32cube.ide.mcu.externaltools.gnu-tools-for-stm32.10.3-2021.10.win32_1.0.0.202111181127/tools/bin/../lib/gcc/arm-none-eabi/10.3.1/../../../../arm-none-eabi/lib/thumb/v7e-m+fp/hard\libc_nano.a(lib_a-nano-vfprintf_i.o)
 .ARM.attributes
                0x0000000000000606       0x1c c:/st/stm32cubeide_1.9.0/stm32cubeide/plugins/com.st.stm32cube.ide.mcu.externaltools.gnu-tools-for-stm32.10.3-2021.10.win32_1.0.0.202111181127/tools/bin/../lib/gcc/arm-none-eabi/10.3.1/../../../../arm-none-eabi/lib/thumb/v7e-m+fp/hard\libc_nano.a(lib_a-memchr.o)
 .ARM.attributes
                0x0000000000000622       0x34 c:/st/stm32cubeide_1.9.0/stm32cubeide/plugins/com.st.stm32cube.ide.mcu.externaltools.gnu-tools-for-stm32.10.3-2021.10.win32_1.0.0.202111181127/tools/bin/../lib/gcc/arm-none-eabi/10.3.1/../../../../arm-none-eabi/lib/thumb/v7e-m+fp/hard\libc_nano.a(lib_a-memmove.o)
 .ARM.attributes
                0x0000000000000656       0x34 c:/st/stm32cubeide_1.9.0/stm32cubeide/plugins/com.st.stm32cube.ide.mcu.externaltools.gnu-tools-for-stm32.10.3-2021.10.win32_1.0.0.202111181127/tools/bin/../lib/gcc/arm-none-eabi/10.3.1/../../../../arm-none-eabi/lib/thumb/v7e-m+fp/hard\libc_nano.a(lib_a-nano-freer.o)
 .ARM.attributes
                0x000000000000068a       0x34 c:/st/stm32cubeide_1.9.0/stm32cubeide/plugins/com.st.stm32cube.ide.mcu.externaltools.gnu-tools-for-stm32.10.3-2021.10.win32_1.0.0.202111181127/tools/bin/../lib/gcc/arm-none-eabi/10.3.1/../../../../arm-none-eabi/lib/thumb/v7e-m+fp/hard\libc_nano.a(lib_a-nano-mallocr.o)
 .ARM.attributes
                0x00000000000006be       0x34 c:/st/stm32cubeide_1.9.0/stm32cubeide/plugins/com.st.stm32cube.ide.mcu.externaltools.gnu-tools-for-stm32.10.3-2021.10.win32_1.0.0.202111181127/tools/bin/../lib/gcc/arm-none-eabi/10.3.1/../../../../arm-none-eabi/lib/thumb/v7e-m+fp/hard\libc_nano.a(lib_a-nano-reallocr.o)
 .ARM.attributes
                0x00000000000006f2       0x34 c:/st/stm32cubeide_1.9.0/stm32cubeide/plugins/com.st.stm32cube.ide.mcu.externaltools.gnu-tools-for-stm32.10.3-2021.10.win32_1.0.0.202111181127/tools/bin/../lib/gcc/arm-none-eabi/10.3.1/../../../../arm-none-eabi/lib/thumb/v7e-m+fp/hard\libc_nano.a(lib_a-sbrkr.o)
 .ARM.attributes
                0x0000000000000726       0x34 c:/st/stm32cubeide_1.9.0/stm32cubeide/plugins/com.st.stm32cube.ide.mcu.externaltools.gnu-tools-for-stm32.10.3-2021.10.win32_1.0.0.202111181127/tools/bin/../lib/gcc/arm-none-eabi/10.3.1/../../../../arm-none-eabi/lib/thumb/v7e-m+fp/hard\libc_nano.a(lib_a-mlock.o)
 .ARM.attributes
                0x000000000000075a       0x34 c:/st/stm32cubeide_1.9.0/stm32cubeide/plugins/com.st.stm32cube.ide.mcu.externaltools.gnu-tools-for-stm32.10.3-2021.10.win32_1.0.0.202111181127/tools/bin/../lib/gcc/arm-none-eabi/10.3.1/../../../../arm-none-eabi/lib/thumb/v7e-m+fp/hard\libc_nano.a(lib_a-nano-msizer.o)
 .ARM.attributes
                0x000000000000078e       0x34 c:/st/stm32cubeide_1.9.0/stm32cubeide/plugins/com.st.stm32cube.ide.mcu.externaltools.gnu-tools-for-stm32.10.3-2021.10.win32_1.0.0.202111181127/tools/bin/../lib/gcc/arm-none-eabi/10.3.1/../../../../arm-none-eabi/lib/thumb/v7e-m+fp/hard\libc_nano.a(lib_a-reent.o)
 .ARM.attributes
                0x00000000000007c2       0x34 c:/st/stm32cubeide_1.9.0/stm32cubeide/plugins/com.st.stm32cube.ide.mcu.externaltools.gnu-tools-for-stm32.10.3-2021.10.win32_1.0.0.202111181127/tools/bin/../lib/gcc/arm-none-eabi/10.3.1/../../../../arm-none-eabi/lib/thumb/v7e-m+fp/hard\libc_nano.a(lib_a-lock.o)
 .ARM.attributes
                0x00000000000007f6       0x1e c:/st/stm32cubeide_1.9.0/stm32cubeide/plugins/com.st.stm32cube.ide.mcu.externaltools.gnu-tools-for-stm32.10.3-2021.10.win32_1.0.0.202111181127/tools/bin/../lib/gcc/arm-none-eabi/10.3.1/thumb/v7e-m+fp/hard\libgcc.a(_aeabi_uldivmod.o)
 .ARM.attributes
                0x0000000000000814       0x34 c:/st/stm32cubeide_1.9.0/stm32cubeide/plugins/com.st.stm32cube.ide.mcu.externaltools.gnu-tools-for-stm32.10.3-2021.10.win32_1.0.0.202111181127/tools/bin/../lib/gcc/arm-none-eabi/10.3.1/thumb/v7e-m+fp/hard\libgcc.a(_udivmoddi4.o)
 .ARM.attributes
                0x0000000000000848       0x1e c:/st/stm32cubeide_1.9.0/stm32cubeide/plugins/com.st.stm32cube.ide.mcu.externaltools.gnu-tools-for-stm32.10.3-2021.10.win32_1.0.0.202111181127/tools/bin/../lib/gcc/arm-none-eabi/10.3.1/thumb/v7e-m+fp/hard\libgcc.a(_dvmd_tls.o)
 .ARM.attributes
                0x0000000000000866       0x1e c:/st/stm32cubeide_1.9.0/stm32cubeide/plugins/com.st.stm32cube.ide.mcu.externaltools.gnu-tools-for-stm32.10.3-2021.10.win32_1.0.0.202111181127/tools/bin/../lib/gcc/arm-none-eabi/10.3.1/thumb/v7e-m+fp/hard/crtn.o
OUTPUT(TOF Test.elf elf32-littlearm)
LOAD linker stubs
LOAD c:/st/stm32cubeide_1.9.0/stm32cubeide/plugins/com.st.stm32cube.ide.mcu.externaltools.gnu-tools-for-stm32.10.3-2021.10.win32_1.0.0.202111181127/tools/bin/../lib/gcc/arm-none-eabi/10.3.1/../../../../arm-none-eabi/lib/thumb/v7e-m+fp/hard\libc.a
LOAD c:/st/stm32cubeide_1.9.0/stm32cubeide/plugins/com.st.stm32cube.ide.mcu.externaltools.gnu-tools-for-stm32.10.3-2021.10.win32_1.0.0.202111181127/tools/bin/../lib/gcc/arm-none-eabi/10.3.1/../../../../arm-none-eabi/lib/thumb/v7e-m+fp/hard\libm.a
LOAD c:/st/stm32cubeide_1.9.0/stm32cubeide/plugins/com.st.stm32cube.ide.mcu.externaltools.gnu-tools-for-stm32.10.3-2021.10.win32_1.0.0.202111181127/tools/bin/../lib/gcc/arm-none-eabi/10.3.1/thumb/v7e-m+fp/hard\libgcc.a

.debug_info     0x0000000000000000    0x180c5
 .debug_info    0x0000000000000000     0x12d0 ./Core/Src/lidar.o
 .debug_info    0x00000000000012d0     0x158c ./Core/Src/main.o
 .debug_info    0x000000000000285c      0xce1 ./Core/Src/stm32f4xx_hal_msp.o
 .debug_info    0x000000000000353d      0x128 ./Core/Src/stm32f4xx_it.o
 .debug_info    0x0000000000003665      0x171 ./Core/Src/sysmem.o
 .debug_info    0x00000000000037d6      0x54f ./Core/Src/system_stm32f4xx.o
 .debug_info    0x0000000000003d25       0x22 ./Core/Startup/startup_stm32f411ceux.o
 .debug_info    0x0000000000003d47      0x90d ./Drivers/STM32F4xx_HAL_Driver/Src/stm32f4xx_hal.o
 .debug_info    0x0000000000004654      0xd8b ./Drivers/STM32F4xx_HAL_Driver/Src/stm32f4xx_hal_cortex.o
 .debug_info    0x00000000000053df      0x78e ./Drivers/STM32F4xx_HAL_Driver/Src/stm32f4xx_hal_gpio.o
 .debug_info    0x0000000000005b6d     0x260f ./Drivers/STM32F4xx_HAL_Driver/Src/stm32f4xx_hal_i2c.o
 .debug_info    0x000000000000817c      0x98d ./Drivers/STM32F4xx_HAL_Driver/Src/stm32f4xx_hal_rcc.o
 .debug_info    0x0000000000008b09     0x31b4 ./Drivers/STM32F4xx_HAL_Driver/Src/stm32f4xx_hal_uart.o
 .debug_info    0x000000000000bcbd     0x3f97 ./Drivers/VL53L0X/core/src/vl53l0x_api.o
 .debug_info    0x000000000000fc54     0x25c4 ./Drivers/VL53L0X/core/src/vl53l0x_api_calibration.o
 .debug_info    0x0000000000012218     0x29e6 ./Drivers/VL53L0X/core/src/vl53l0x_api_core.o
 .debug_info    0x0000000000014bfe     0x16d4 ./Drivers/VL53L0X/core/src/vl53l0x_api_strings.o
 .debug_info    0x00000000000162d2      0xb0d ./Drivers/VL53L0X/platform/src/vl53l0x_i2c_comms.o
 .debug_info    0x0000000000016ddf     0x12e6 ./Drivers/VL53L0X/platform/src/vl53l0x_platform.o

.debug_abbrev   0x0000000000000000     0x2ad8
 .debug_abbrev  0x0000000000000000      0x22e ./Core/Src/lidar.o
 .debug_abbrev  0x000000000000022e      0x2cc ./Core/Src/main.o
 .debug_abbrev  0x00000000000004fa      0x19b ./Core/Src/stm32f4xx_hal_msp.o
 .debug_abbrev  0x0000000000000695       0x74 ./Core/Src/stm32f4xx_it.o
 .debug_abbrev  0x0000000000000709       0xbb ./Core/Src/sysmem.o
 .debug_abbrev  0x00000000000007c4      0x116 ./Core/Src/system_stm32f4xx.o
 .debug_abbrev  0x00000000000008da       0x12 ./Core/Startup/startup_stm32f411ceux.o
 .debug_abbrev  0x00000000000008ec      0x23e ./Drivers/STM32F4xx_HAL_Driver/Src/stm32f4xx_hal.o
 .debug_abbrev  0x0000000000000b2a      0x316 ./Drivers/STM32F4xx_HAL_Driver/Src/stm32f4xx_hal_cortex.o
 .debug_abbrev  0x0000000000000e40      0x1c4 ./Drivers/STM32F4xx_HAL_Driver/Src/stm32f4xx_hal_gpio.o
 .debug_abbrev  0x0000000000001004      0x2a8 ./Drivers/STM32F4xx_HAL_Driver/Src/stm32f4xx_hal_i2c.o
 .debug_abbrev  0x00000000000012ac      0x2aa ./Drivers/STM32F4xx_HAL_Driver/Src/stm32f4xx_hal_rcc.o
 .debug_abbrev  0x0000000000001556      0x305 ./Drivers/STM32F4xx_HAL_Driver/Src/stm32f4xx_hal_uart.o
 .debug_abbrev  0x000000000000185b      0x3c6 ./Drivers/VL53L0X/core/src/vl53l0x_api.o
 .debug_abbrev  0x0000000000001c21      0x387 ./Drivers/VL53L0X/core/src/vl53l0x_api_calibration.o
 .debug_abbrev  0x0000000000001fa8      0x3c6 ./Drivers/VL53L0X/core/src/vl53l0x_api_core.o
 .debug_abbrev  0x000000000000236e      0x33a ./Drivers/VL53L0X/core/src/vl53l0x_api_strings.o
 .debug_abbrev  0x00000000000026a8      0x1a5 ./Drivers/VL53L0X/platform/src/vl53l0x_i2c_comms.o
 .debug_abbrev  0x000000000000284d      0x28b ./Drivers/VL53L0X/platform/src/vl53l0x_platform.o

.debug_aranges  0x0000000000000000      0xf28
 .debug_aranges
                0x0000000000000000       0x38 ./Core/Src/lidar.o
 .debug_aranges
                0x0000000000000038       0x48 ./Core/Src/main.o
 .debug_aranges
                0x0000000000000080       0x40 ./Core/Src/stm32f4xx_hal_msp.o
 .debug_aranges
                0x00000000000000c0       0x60 ./Core/Src/stm32f4xx_it.o
 .debug_aranges
                0x0000000000000120       0x20 ./Core/Src/sysmem.o
 .debug_aranges
                0x0000000000000140       0x28 ./Core/Src/system_stm32f4xx.o
 .debug_aranges
                0x0000000000000168       0x28 ./Core/Startup/startup_stm32f411ceux.o
 .debug_aranges
                0x0000000000000190       0xf0 ./Drivers/STM32F4xx_HAL_Driver/Src/stm32f4xx_hal.o
 .debug_aranges
                0x0000000000000280      0x118 ./Drivers/STM32F4xx_HAL_Driver/Src/stm32f4xx_hal_cortex.o
 .debug_aranges
                0x0000000000000398       0x58 ./Drivers/STM32F4xx_HAL_Driver/Src/stm32f4xx_hal_gpio.o
 .debug_aranges
                0x00000000000003f0      0x2a0 ./Drivers/STM32F4xx_HAL_Driver/Src/stm32f4xx_hal_i2c.o
 .debug_aranges
                0x0000000000000690       0x88 ./Drivers/STM32F4xx_HAL_Driver/Src/stm32f4xx_hal_rcc.o
 .debug_aranges
                0x0000000000000718      0x200 ./Drivers/STM32F4xx_HAL_Driver/Src/stm32f4xx_hal_uart.o
 .debug_aranges
                0x0000000000000918      0x330 ./Drivers/VL53L0X/core/src/vl53l0x_api.o
 .debug_aranges
                0x0000000000000c48       0xd0 ./Drivers/VL53L0X/core/src/vl53l0x_api_calibration.o
 .debug_aranges
                0x0000000000000d18       0xe8 ./Drivers/VL53L0X/core/src/vl53l0x_api_core.o
 .debug_aranges
                0x0000000000000e00       0x58 ./Drivers/VL53L0X/core/src/vl53l0x_api_strings.o
 .debug_aranges
                0x0000000000000e58       0x58 ./Drivers/VL53L0X/platform/src/vl53l0x_i2c_comms.o
 .debug_aranges
                0x0000000000000eb0       0x78 ./Drivers/VL53L0X/platform/src/vl53l0x_platform.o

.debug_ranges   0x0000000000000000      0xe48
 .debug_ranges  0x0000000000000000       0x28 ./Core/Src/lidar.o
 .debug_ranges  0x0000000000000028       0x38 ./Core/Src/main.o
 .debug_ranges  0x0000000000000060       0x30 ./Core/Src/stm32f4xx_hal_msp.o
 .debug_ranges  0x0000000000000090       0x50 ./Core/Src/stm32f4xx_it.o
 .debug_ranges  0x00000000000000e0       0x10 ./Core/Src/sysmem.o
 .debug_ranges  0x00000000000000f0       0x18 ./Core/Src/system_stm32f4xx.o
 .debug_ranges  0x0000000000000108       0x20 ./Core/Startup/startup_stm32f411ceux.o
 .debug_ranges  0x0000000000000128       0xe0 ./Drivers/STM32F4xx_HAL_Driver/Src/stm32f4xx_hal.o
 .debug_ranges  0x0000000000000208      0x108 ./Drivers/STM32F4xx_HAL_Driver/Src/stm32f4xx_hal_cortex.o
 .debug_ranges  0x0000000000000310       0x48 ./Drivers/STM32F4xx_HAL_Driver/Src/stm32f4xx_hal_gpio.o
 .debug_ranges  0x0000000000000358      0x2a8 ./Drivers/STM32F4xx_HAL_Driver/Src/stm32f4xx_hal_i2c.o
 .debug_ranges  0x0000000000000600       0x78 ./Drivers/STM32F4xx_HAL_Driver/Src/stm32f4xx_hal_rcc.o
 .debug_ranges  0x0000000000000678      0x220 ./Drivers/STM32F4xx_HAL_Driver/Src/stm32f4xx_hal_uart.o
 .debug_ranges  0x0000000000000898      0x320 ./Drivers/VL53L0X/core/src/vl53l0x_api.o
 .debug_ranges  0x0000000000000bb8       0xc0 ./Drivers/VL53L0X/core/src/vl53l0x_api_calibration.o
 .debug_ranges  0x0000000000000c78       0xd8 ./Drivers/VL53L0X/core/src/vl53l0x_api_core.o
 .debug_ranges  0x0000000000000d50       0x48 ./Drivers/VL53L0X/core/src/vl53l0x_api_strings.o
 .debug_ranges  0x0000000000000d98       0x48 ./Drivers/VL53L0X/platform/src/vl53l0x_i2c_comms.o
 .debug_ranges  0x0000000000000de0       0x68 ./Drivers/VL53L0X/platform/src/vl53l0x_platform.o

.debug_macro    0x0000000000000000    0x1b06a
 .debug_macro   0x0000000000000000      0x3db ./Core/Src/lidar.o
 .debug_macro   0x00000000000003db      0xa78 ./Core/Src/lidar.o
 .debug_macro   0x0000000000000e53       0x2e ./Core/Src/lidar.o
 .debug_macro   0x0000000000000e81       0x76 ./Core/Src/lidar.o
 .debug_macro   0x0000000000000ef7      0x174 ./Core/Src/lidar.o
 .debug_macro   0x000000000000106b       0x22 ./Core/Src/lidar.o
 .debug_macro   0x000000000000108d       0x8e ./Core/Src/lidar.o
 .debug_macro   0x000000000000111b       0x51 ./Core/Src/lidar.o
 .debug_macro   0x000000000000116c      0x103 ./Core/Src/lidar.o
 .debug_macro   0x000000000000126f       0x6a ./Core/Src/lidar.o
 .debug_macro   0x00000000000012d9      0x1df ./Core/Src/lidar.o
 .debug_macro   0x00000000000014b8      0x29a ./Core/Src/lidar.o
 .debug_macro   0x0000000000001752      0x201 ./Core/Src/lidar.o
 .debug_macro   0x0000000000001953      0x29b ./Core/Src/lidar.o
 .debug_macro   0x0000000000001bee       0x2e ./Core/Src/lidar.o
 .debug_macro   0x0000000000001c1c       0x28 ./Core/Src/lidar.o
 .debug_macro   0x0000000000001c44       0x1c ./Core/Src/lidar.o
 .debug_macro   0x0000000000001c60       0x22 ./Core/Src/lidar.o
 .debug_macro   0x0000000000001c82       0xd9 ./Core/Src/lidar.o
 .debug_macro   0x0000000000001d5b     0x102d ./Core/Src/lidar.o
 .debug_macro   0x0000000000002d88      0x11f ./Core/Src/lidar.o
 .debug_macro   0x0000000000002ea7     0xb953 ./Core/Src/lidar.o
 .debug_macro   0x000000000000e7fa       0x6d ./Core/Src/lidar.o
 .debug_macro   0x000000000000e867     0x367e ./Core/Src/lidar.o
 .debug_macro   0x0000000000011ee5       0x5c ./Core/Src/lidar.o
 .debug_macro   0x0000000000011f41      0x447 ./Core/Src/lidar.o
 .debug_macro   0x0000000000012388      0x9fe ./Core/Src/lidar.o
 .debug_macro   0x0000000000012d86      0x115 ./Core/Src/lidar.o
 .debug_macro   0x0000000000012e9b      0x11b ./Core/Src/lidar.o
 .debug_macro   0x0000000000012fb6       0xa5 ./Core/Src/lidar.o
 .debug_macro   0x000000000001305b      0x15f ./Core/Src/lidar.o
 .debug_macro   0x00000000000131ba      0x287 ./Core/Src/lidar.o
 .debug_macro   0x0000000000013441       0x5f ./Core/Src/lidar.o
 .debug_macro   0x00000000000134a0      0x236 ./Core/Src/lidar.o
 .debug_macro   0x00000000000136d6      0x132 ./Core/Src/lidar.o
 .debug_macro   0x0000000000013808      0x264 ./Core/Src/lidar.o
 .debug_macro   0x0000000000013a6c       0x2e ./Core/Src/lidar.o
 .debug_macro   0x0000000000013a9a      0x1b5 ./Core/Src/lidar.o
 .debug_macro   0x0000000000013c4f       0x22 ./Core/Src/lidar.o
 .debug_macro   0x0000000000013c71       0xd6 ./Core/Src/lidar.o
 .debug_macro   0x0000000000013d47      0x11a ./Core/Src/lidar.o
 .debug_macro   0x0000000000013e61       0x85 ./Core/Src/lidar.o
 .debug_macro   0x0000000000013ee6       0x89 ./Core/Src/lidar.o
 .debug_macro   0x0000000000013f6f      0x295 ./Core/Src/lidar.o
 .debug_macro   0x0000000000014204      0x126 ./Core/Src/lidar.o
 .debug_macro   0x000000000001432a       0x52 ./Core/Src/lidar.o
 .debug_macro   0x000000000001437c       0x1e ./Core/Src/lidar.o
 .debug_macro   0x000000000001439a       0x3c ./Core/Src/lidar.o
 .debug_macro   0x00000000000143d6       0x34 ./Core/Src/lidar.o
 .debug_macro   0x000000000001440a       0x16 ./Core/Src/lidar.o
 .debug_macro   0x0000000000014420       0x35 ./Core/Src/lidar.o
 .debug_macro   0x0000000000014455      0x341 ./Core/Src/lidar.o
 .debug_macro   0x0000000000014796       0x10 ./Core/Src/lidar.o
 .debug_macro   0x00000000000147a6       0x16 ./Core/Src/lidar.o
 .debug_macro   0x00000000000147bc       0x43 ./Core/Src/lidar.o
 .debug_macro   0x00000000000147ff       0x34 ./Core/Src/lidar.o
 .debug_macro   0x0000000000014833       0x10 ./Core/Src/lidar.o
 .debug_macro   0x0000000000014843       0x58 ./Core/Src/lidar.o
 .debug_macro   0x000000000001489b       0x71 ./Core/Src/lidar.o
 .debug_macro   0x000000000001490c       0x1c ./Core/Src/lidar.o
 .debug_macro   0x0000000000014928      0x12a ./Core/Src/lidar.o
 .debug_macro   0x0000000000014a52       0x10 ./Core/Src/lidar.o
 .debug_macro   0x0000000000014a62       0x1c ./Core/Src/lidar.o
 .debug_macro   0x0000000000014a7e       0x52 ./Core/Src/lidar.o
 .debug_macro   0x0000000000014ad0       0x22 ./Core/Src/lidar.o
 .debug_macro   0x0000000000014af2       0x10 ./Core/Src/lidar.o
 .debug_macro   0x0000000000014b02       0x52 ./Core/Src/lidar.o
 .debug_macro   0x0000000000014b54       0xd5 ./Core/Src/lidar.o
 .debug_macro   0x0000000000014c29       0x1c ./Core/Src/lidar.o
 .debug_macro   0x0000000000014c45       0x3d ./Core/Src/lidar.o
 .debug_macro   0x0000000000014c82       0x16 ./Core/Src/lidar.o
 .debug_macro   0x0000000000014c98      0x145 ./Core/Src/lidar.o
 .debug_macro   0x0000000000014ddd       0x16 ./Core/Src/lidar.o
 .debug_macro   0x0000000000014df3       0x20 ./Core/Src/lidar.o
 .debug_macro   0x0000000000014e13       0x22 ./Core/Src/lidar.o
 .debug_macro   0x0000000000014e35       0x10 ./Core/Src/lidar.o
 .debug_macro   0x0000000000014e45      0x1d2 ./Core/Src/lidar.o
 .debug_macro   0x0000000000015017      0x3e9 ./Core/Src/main.o
 .debug_macro   0x0000000000015400      0x3e5 ./Core/Src/stm32f4xx_hal_msp.o
 .debug_macro   0x00000000000157e5      0x3ef ./Core/Src/stm32f4xx_it.o
 .debug_macro   0x0000000000015bd4       0xff ./Core/Src/sysmem.o
 .debug_macro   0x0000000000015cd3      0x23b ./Core/Src/sysmem.o
 .debug_macro   0x0000000000015f0e      0x1d3 ./Core/Src/system_stm32f4xx.o
 .debug_macro   0x00000000000160e1      0x233 ./Drivers/STM32F4xx_HAL_Driver/Src/stm32f4xx_hal.o
 .debug_macro   0x0000000000016314      0x1d3 ./Drivers/STM32F4xx_HAL_Driver/Src/stm32f4xx_hal_cortex.o
 .debug_macro   0x00000000000164e7      0x1d9 ./Drivers/STM32F4xx_HAL_Driver/Src/stm32f4xx_hal_gpio.o
 .debug_macro   0x00000000000166c0      0x21a ./Drivers/STM32F4xx_HAL_Driver/Src/stm32f4xx_hal_i2c.o
 .debug_macro   0x00000000000168da      0x1f7 ./Drivers/STM32F4xx_HAL_Driver/Src/stm32f4xx_hal_rcc.o
 .debug_macro   0x0000000000016ad1      0x1d4 ./Drivers/STM32F4xx_HAL_Driver/Src/stm32f4xx_hal_uart.o
 .debug_macro   0x0000000000016ca5      0x495 ./Drivers/VL53L0X/core/src/vl53l0x_api.o
 .debug_macro   0x000000000001713a      0xb50 ./Drivers/VL53L0X/core/src/vl53l0x_api.o
 .debug_macro   0x0000000000017c8a      0x17b ./Drivers/VL53L0X/core/src/vl53l0x_api.o
 .debug_macro   0x0000000000017e05       0x1c ./Drivers/VL53L0X/core/src/vl53l0x_api.o
 .debug_macro   0x0000000000017e21     0x102d ./Drivers/VL53L0X/core/src/vl53l0x_api.o
 .debug_macro   0x0000000000018e4e       0x34 ./Drivers/VL53L0X/core/src/vl53l0x_api.o
 .debug_macro   0x0000000000018e82       0x35 ./Drivers/VL53L0X/core/src/vl53l0x_api.o
 .debug_macro   0x0000000000018eb7      0x364 ./Drivers/VL53L0X/core/src/vl53l0x_api.o
 .debug_macro   0x000000000001921b       0x43 ./Drivers/VL53L0X/core/src/vl53l0x_api.o
 .debug_macro   0x000000000001925e       0x16 ./Drivers/VL53L0X/core/src/vl53l0x_api.o
 .debug_macro   0x0000000000019274      0x137 ./Drivers/VL53L0X/core/src/vl53l0x_api.o
 .debug_macro   0x00000000000193ab      0x18a ./Drivers/VL53L0X/core/src/vl53l0x_api.o
 .debug_macro   0x0000000000019535       0x10 ./Drivers/VL53L0X/core/src/vl53l0x_api.o
 .debug_macro   0x0000000000019545      0x3d1 ./Drivers/VL53L0X/core/src/vl53l0x_api.o
 .debug_macro   0x0000000000019916       0x10 ./Drivers/VL53L0X/core/src/vl53l0x_api.o
 .debug_macro   0x0000000000019926       0x1c ./Drivers/VL53L0X/core/src/vl53l0x_api.o
 .debug_macro   0x0000000000019942       0xde ./Drivers/VL53L0X/core/src/vl53l0x_api.o
 .debug_macro   0x0000000000019a20      0x483 ./Drivers/VL53L0X/core/src/vl53l0x_api_calibration.o
 .debug_macro   0x0000000000019ea3      0x1d8 ./Drivers/VL53L0X/core/src/vl53l0x_api_calibration.o
 .debug_macro   0x000000000001a07b      0x471 ./Drivers/VL53L0X/core/src/vl53l0x_api_core.o
 .debug_macro   0x000000000001a4ec      0x471 ./Drivers/VL53L0X/core/src/vl53l0x_api_strings.o
 .debug_macro   0x000000000001a95d      0x2df ./Drivers/VL53L0X/platform/src/vl53l0x_i2c_comms.o
 .debug_macro   0x000000000001ac3c       0x10 ./Drivers/VL53L0X/platform/src/vl53l0x_i2c_comms.o
 .debug_macro   0x000000000001ac4c      0x41e ./Drivers/VL53L0X/platform/src/vl53l0x_platform.o

.debug_line     0x0000000000000000    0x14302
 .debug_line    0x0000000000000000      0xa99 ./Core/Src/lidar.o
 .debug_line    0x0000000000000a99      0xafb ./Core/Src/main.o
 .debug_line    0x0000000000001594      0xa6d ./Core/Src/stm32f4xx_hal_msp.o
 .debug_line    0x0000000000002001      0xa85 ./Core/Src/stm32f4xx_it.o
 .debug_line    0x0000000000002a86      0x4e5 ./Core/Src/sysmem.o
 .debug_line    0x0000000000002f6b      0x739 ./Core/Src/system_stm32f4xx.o
 .debug_line    0x00000000000036a4       0x88 ./Core/Startup/startup_stm32f411ceux.o
 .debug_line    0x000000000000372c      0x99f ./Drivers/STM32F4xx_HAL_Driver/Src/stm32f4xx_hal.o
 .debug_line    0x00000000000040cb      0xc4e ./Drivers/STM32F4xx_HAL_Driver/Src/stm32f4xx_hal_cortex.o
 .debug_line    0x0000000000004d19      0xad7 ./Drivers/STM32F4xx_HAL_Driver/Src/stm32f4xx_hal_gpio.o
 .debug_line    0x00000000000057f0     0x3954 ./Drivers/STM32F4xx_HAL_Driver/Src/stm32f4xx_hal_i2c.o
 .debug_line    0x0000000000009144      0xd19 ./Drivers/STM32F4xx_HAL_Driver/Src/stm32f4xx_hal_rcc.o
 .debug_line    0x0000000000009e5d     0x2a44 ./Drivers/STM32F4xx_HAL_Driver/Src/stm32f4xx_hal_uart.o
 .debug_line    0x000000000000c8a1     0x2298 ./Drivers/VL53L0X/core/src/vl53l0x_api.o
 .debug_line    0x000000000000eb39     0x166d ./Drivers/VL53L0X/core/src/vl53l0x_api_calibration.o
 .debug_line    0x00000000000101a6     0x1d6f ./Drivers/VL53L0X/core/src/vl53l0x_api_core.o
 .debug_line    0x0000000000011f15      0xe90 ./Drivers/VL53L0X/core/src/vl53l0x_api_strings.o
 .debug_line    0x0000000000012da5      0x9f4 ./Drivers/VL53L0X/platform/src/vl53l0x_i2c_comms.o
 .debug_line    0x0000000000013799      0xb69 ./Drivers/VL53L0X/platform/src/vl53l0x_platform.o

.debug_str      0x0000000000000000    0x9151a
 .debug_str     0x0000000000000000    0x892b0 ./Core/Src/lidar.o
                                      0x89929 (size before relaxing)
 .debug_str     0x00000000000892b0      0x39a ./Core/Src/main.o
                                      0x89a81 (size before relaxing)
 .debug_str     0x000000000008964a       0xf7 ./Core/Src/stm32f4xx_hal_msp.o
                                      0x89147 (size before relaxing)
 .debug_str     0x0000000000089741       0xc9 ./Core/Src/stm32f4xx_it.o
                                      0x88927 (size before relaxing)
 .debug_str     0x000000000008980a      0x4da ./Core/Src/sysmem.o
                                       0x5daf (size before relaxing)
 .debug_str     0x0000000000089ce4       0xdb ./Core/Src/system_stm32f4xx.o
                                      0x8144a (size before relaxing)
 .debug_str     0x0000000000089dbf       0x36 ./Core/Startup/startup_stm32f411ceux.o
                                         0x71 (size before relaxing)
 .debug_str     0x0000000000089df5      0x9a4 ./Drivers/STM32F4xx_HAL_Driver/Src/stm32f4xx_hal.o
                                      0x81e76 (size before relaxing)
 .debug_str     0x000000000008a799      0x34a ./Drivers/STM32F4xx_HAL_Driver/Src/stm32f4xx_hal_cortex.o
                                      0x81b97 (size before relaxing)
 .debug_str     0x000000000008aae3      0x15d ./Drivers/STM32F4xx_HAL_Driver/Src/stm32f4xx_hal_gpio.o
                                      0x815c5 (size before relaxing)
 .debug_str     0x000000000008ac40      0xaf9 ./Drivers/STM32F4xx_HAL_Driver/Src/stm32f4xx_hal_i2c.o
                                      0x82408 (size before relaxing)
 .debug_str     0x000000000008b739      0x213 ./Drivers/STM32F4xx_HAL_Driver/Src/stm32f4xx_hal_rcc.o
                                      0x8187e (size before relaxing)
 .debug_str     0x000000000008b94c      0x5f0 ./Drivers/STM32F4xx_HAL_Driver/Src/stm32f4xx_hal_uart.o
                                      0x81e0b (size before relaxing)
 .debug_str     0x000000000008bf3c     0x3b3e ./Drivers/VL53L0X/core/src/vl53l0x_api.o
                                      0x8d199 (size before relaxing)
 .debug_str     0x000000000008fa7a      0x848 ./Drivers/VL53L0X/core/src/vl53l0x_api_calibration.o
                                      0x8c365 (size before relaxing)
 .debug_str     0x00000000000902c2      0xc7c ./Drivers/VL53L0X/core/src/vl53l0x_api_core.o
                                      0x8c71b (size before relaxing)